Archive member included to satisfy reference by file (symbol)

C:/ST/STM32CubeCLT_1.21.0/GNU-tools-for-STM32/bin/../lib/gcc/arm-none-eabi/14.3.1/../../../../arm-none-eabi/lib/thumb/v7-m/nofp\libg_nano.a(libc_a-exit.o)
                              C:/ST/STM32CubeCLT_1.21.0/GNU-tools-for-STM32/bin/../lib/gcc/arm-none-eabi/14.3.1/../../../../arm-none-eabi/lib/thumb/v7-m/nofp/crt0.o (exit)
C:/ST/STM32CubeCLT_1.21.0/GNU-tools-for-STM32/bin/../lib/gcc/arm-none-eabi/14.3.1/../../../../arm-none-eabi/lib/thumb/v7-m/nofp\libg_nano.a(libc_a-findfp.o)
                              C:/ST/STM32CubeCLT_1.21.0/GNU-tools-for-STM32/bin/../lib/gcc/arm-none-eabi/14.3.1/../../../../arm-none-eabi/lib/thumb/v7-m/nofp\libg_nano.a(libc_a-exit.o) (__stdio_exit_handler)
C:/ST/STM32CubeCLT_1.21.0/GNU-tools-for-STM32/bin/../lib/gcc/arm-none-eabi/14.3.1/../../../../arm-none-eabi/lib/thumb/v7-m/nofp\libg_nano.a(libc_a-fwalk.o)
                              C:/ST/STM32CubeCLT_1.21.0/GNU-tools-for-STM32/bin/../lib/gcc/arm-none-eabi/14.3.1/../../../../arm-none-eabi/lib/thumb/v7-m/nofp\libg_nano.a(libc_a-findfp.o) (_fwalk_sglue)
C:/ST/STM32CubeCLT_1.21.0/GNU-tools-for-STM32/bin/../lib/gcc/arm-none-eabi/14.3.1/../../../../arm-none-eabi/lib/thumb/v7-m/nofp\libg_nano.a(libc_a-stdio.o)
                              C:/ST/STM32CubeCLT_1.21.0/GNU-tools-for-STM32/bin/../lib/gcc/arm-none-eabi/14.3.1/../../../../arm-none-eabi/lib/thumb/v7-m/nofp\libg_nano.a(libc_a-findfp.o) (__sread)
C:/ST/STM32CubeCLT_1.21.0/GNU-tools-for-STM32/bin/../lib/gcc/arm-none-eabi/14.3.1/../../../../arm-none-eabi/lib/thumb/v7-m/nofp\libg_nano.a(libc_a-memset.o)
                              C:/ST/STM32CubeCLT_1.21.0/GNU-tools-for-STM32/bin/../lib/gcc/arm-none-eabi/14.3.1/../../../../arm-none-eabi/lib/thumb/v7-m/nofp/crt0.o (memset)
C:/ST/STM32CubeCLT_1.21.0/GNU-tools-for-STM32/bin/../lib/gcc/arm-none-eabi/14.3.1/../../../../arm-none-eabi/lib/thumb/v7-m/nofp\libg_nano.a(libc_a-closer.o)
                              C:/ST/STM32CubeCLT_1.21.0/GNU-tools-for-STM32/bin/../lib/gcc/arm-none-eabi/14.3.1/../../../../arm-none-eabi/lib/thumb/v7-m/nofp\libg_nano.a(libc_a-stdio.o) (_close_r)
C:/ST/STM32CubeCLT_1.21.0/GNU-tools-for-STM32/bin/../lib/gcc/arm-none-eabi/14.3.1/../../../../arm-none-eabi/lib/thumb/v7-m/nofp\libg_nano.a(libc_a-reent.o)
                              C:/ST/STM32CubeCLT_1.21.0/GNU-tools-for-STM32/bin/../lib/gcc/arm-none-eabi/14.3.1/../../../../arm-none-eabi/lib/thumb/v7-m/nofp\libg_nano.a(libc_a-closer.o) (errno)
C:/ST/STM32CubeCLT_1.21.0/GNU-tools-for-STM32/bin/../lib/gcc/arm-none-eabi/14.3.1/../../../../arm-none-eabi/lib/thumb/v7-m/nofp\libg_nano.a(libc_a-impure.o)
                              C:/ST/STM32CubeCLT_1.21.0/GNU-tools-for-STM32/bin/../lib/gcc/arm-none-eabi/14.3.1/../../../../arm-none-eabi/lib/thumb/v7-m/nofp\libg_nano.a(libc_a-reent.o) (_impure_ptr)
C:/ST/STM32CubeCLT_1.21.0/GNU-tools-for-STM32/bin/../lib/gcc/arm-none-eabi/14.3.1/../../../../arm-none-eabi/lib/thumb/v7-m/nofp\libg_nano.a(libc_a-lseekr.o)
                              C:/ST/STM32CubeCLT_1.21.0/GNU-tools-for-STM32/bin/../lib/gcc/arm-none-eabi/14.3.1/../../../../arm-none-eabi/lib/thumb/v7-m/nofp\libg_nano.a(libc_a-stdio.o) (_lseek_r)
C:/ST/STM32CubeCLT_1.21.0/GNU-tools-for-STM32/bin/../lib/gcc/arm-none-eabi/14.3.1/../../../../arm-none-eabi/lib/thumb/v7-m/nofp\libg_nano.a(libc_a-readr.o)
                              C:/ST/STM32CubeCLT_1.21.0/GNU-tools-for-STM32/bin/../lib/gcc/arm-none-eabi/14.3.1/../../../../arm-none-eabi/lib/thumb/v7-m/nofp\libg_nano.a(libc_a-stdio.o) (_read_r)
C:/ST/STM32CubeCLT_1.21.0/GNU-tools-for-STM32/bin/../lib/gcc/arm-none-eabi/14.3.1/../../../../arm-none-eabi/lib/thumb/v7-m/nofp\libg_nano.a(libc_a-writer.o)
                              C:/ST/STM32CubeCLT_1.21.0/GNU-tools-for-STM32/bin/../lib/gcc/arm-none-eabi/14.3.1/../../../../arm-none-eabi/lib/thumb/v7-m/nofp\libg_nano.a(libc_a-stdio.o) (_write_r)
C:/ST/STM32CubeCLT_1.21.0/GNU-tools-for-STM32/bin/../lib/gcc/arm-none-eabi/14.3.1/../../../../arm-none-eabi/lib/thumb/v7-m/nofp\libg_nano.a(libc_a-errno.o)
                              CMakeFiles/chujue.dir/Core/Src/sysmem.c.obj (__errno)
C:/ST/STM32CubeCLT_1.21.0/GNU-tools-for-STM32/bin/../lib/gcc/arm-none-eabi/14.3.1/../../../../arm-none-eabi/lib/thumb/v7-m/nofp\libg_nano.a(libc_a-init.o)
                              C:/ST/STM32CubeCLT_1.21.0/GNU-tools-for-STM32/bin/../lib/gcc/arm-none-eabi/14.3.1/../../../../arm-none-eabi/lib/thumb/v7-m/nofp/crt0.o (__libc_init_array)
C:/ST/STM32CubeCLT_1.21.0/GNU-tools-for-STM32/bin/../lib/gcc/arm-none-eabi/14.3.1/../../../../arm-none-eabi/lib/thumb/v7-m/nofp\libg_nano.a(libc_a-lock.o)
                              C:/ST/STM32CubeCLT_1.21.0/GNU-tools-for-STM32/bin/../lib/gcc/arm-none-eabi/14.3.1/../../../../arm-none-eabi/lib/thumb/v7-m/nofp\libg_nano.a(libc_a-findfp.o) (__retarget_lock_init_recursive)
[...]
Memory Configuration

Name             Origin             Length             Attributes
RAM              0x20000000         0x00005000         xrw
FLASH            0x08000000         0x00010000         xr
*default*        0x00000000         0xffffffff

Linker script and memory map

LOAD C:/ST/STM32CubeCLT_1.21.0/GNU-tools-for-STM32/bin/../lib/gcc/arm-none-eabi/14.3.1/thumb/v7-m/nofp/crti.o
LOAD C:/ST/STM32CubeCLT_1.21.0/GNU-tools-for-STM32/bin/../lib/gcc/arm-none-eabi/14.3.1/thumb/v7-m/nofp/crtbegin.o
LOAD C:/ST/STM32CubeCLT_1.21.0/GNU-tools-for-STM32/bin/../lib/gcc/arm-none-eabi/14.3.1/../../../../arm-none-eabi/lib/thumb/v7-m/nofp/crt0.o
LOAD cmake/stm32cubemx/CMakeFiles/STM32_Drivers.dir/__/__/Core/Src/system_stm32f1xx.c.obj
LOAD cmake/stm32cubemx/CMakeFiles/STM32_Drivers.dir/__/__/Drivers/STM32F1xx_HAL_Driver/Src/stm32f1xx_hal_gpio_ex.c.obj
LOAD cmake/stm32cubemx/CMakeFiles/STM32_Drivers.dir/__/__/Drivers/STM32F1xx_HAL_Driver/Src/stm32f1xx_hal_adc.c.obj
LOAD cmake/stm32cubemx/CMakeFiles/STM32_Drivers.dir/__/__/Drivers/STM32F1xx_HAL_Driver/Src/stm32f1xx_hal_adc_ex.c.obj
LOAD cmake/stm32cubemx/CMakeFiles/STM32_Drivers.dir/__/__/Drivers/STM32F1xx_HAL_Driver/Src/stm32f1xx_hal.c.obj
LOAD cmake/stm32cubemx/CMakeFiles/STM32_Drivers.dir/__/__/Drivers/STM32F1xx_HAL_Driver/Src/stm32f1xx_hal_rcc.c.obj
LOAD cmake/stm32cubemx/CMakeFiles/STM32_Drivers.dir/__/__/Drivers/STM32F1xx_HAL_Driver/Src/stm32f1xx_hal_rcc_ex.c.obj
LOAD cmake/stm32cubemx/CMakeFiles/STM32_Drivers.dir/__/__/Drivers/STM32F1xx_HAL_Driver/Src/stm32f1xx_hal_gpio.c.obj
LOAD cmake/stm32cubemx/CMakeFiles/STM32_Drivers.dir/__/__/Drivers/STM32F1xx_HAL_Driver/Src/stm32f1xx_hal_dma.c.obj
LOAD cmake/stm32cubemx/CMakeFiles/STM32_Drivers.dir/__/__/Drivers/STM32F1xx_HAL_Driver/Src/stm32f1xx_hal_cortex.c.obj
LOAD cmake/stm32cubemx/CMakeFiles/STM32_Drivers.dir/__/__/Drivers/STM32F1xx_HAL_Driver/Src/stm32f1xx_hal_pwr.c.obj
LOAD cmake/stm32cubemx/CMakeFiles/STM32_Drivers.dir/__/__/Drivers/STM32F1xx_HAL_Driver/Src/stm32f1xx_hal_flash.c.obj
LOAD cmake/stm32cubemx/CMakeFiles/STM32_Drivers.dir/__/__/Drivers/STM32F1xx_HAL_Driver/Src/stm32f1xx_hal_flash_ex.c.obj
LOAD cmake/stm32cubemx/CMakeFiles/STM32_Drivers.dir/__/__/Drivers/STM32F1xx_HAL_Driver/Src/stm32f1xx_hal_exti.c.obj
LOAD cmake/stm32cubemx/CMakeFiles/STM32_Drivers.dir/__/__/Drivers/STM32F1xx_HAL_Driver/Src/stm32f1xx_hal_tim.c.obj
LOAD cmake/stm32cubemx/CMakeFiles/STM32_Drivers.dir/__/__/Drivers/STM32F1xx_HAL_Driver/Src/stm32f1xx_hal_tim_ex.c.obj
LOAD cmake/stm32cubemx/CMakeFiles/STM32_Drivers.dir/__/__/Drivers/STM32F1xx_HAL_Driver/Src/stm32f1xx_hal_uart.c.obj
LOAD CMakeFiles/chujue.dir/Core/Src/main.c.obj
LOAD CMakeFiles/chujue.dir/Core/Src/gpio.c.obj
LOAD CMakeFiles/chujue.dir/Core/Src/adc.c.obj
LOAD CMakeFiles/chujue.dir/Core/Src/dma.c.obj
LOAD CMakeFiles/chujue.dir/Core/Src/tim.c.obj
LOAD CMakeFiles/chujue.dir/Core/Src/usart.c.obj
LOAD CMakeFiles/chujue.dir/Core/Src/stm32f1xx_it.c.obj
LOAD CMakeFiles/chujue.dir/Core/Src/stm32f1xx_hal_msp.c.obj
LOAD CMakeFiles/chujue.dir/Core/Src/sysmem.c.obj
LOAD CMakeFiles/chujue.dir/Core/Src/syscalls.c.obj
LOAD CMakeFiles/chujue.dir/startup_stm32f103xb.s.obj
LOAD C:/ST/STM32CubeCLT_1.21.0/GNU-tools-for-STM32/bin/../lib/gcc/arm-none-eabi/14.3.1/../../../../arm-none-eabi/lib/thumb/v7-m/nofp\libm.a
START GROUP
LOAD C:/ST/STM32CubeCLT_1.21.0/GNU-tools-for-STM32/bin/../lib/gcc/arm-none-eabi/14.3.1/thumb/v7-m/nofp\libgcc.a
LOAD C:/ST/STM32CubeCLT_1.21.0/GNU-tools-for-STM32/bin/../lib/gcc/arm-none-eabi/14.3.1/../../../../arm-none-eabi/lib/thumb/v7-m/nofp\libg_nano.a
LOAD C:/ST/STM32CubeCLT_1.21.0/GNU-tools-for-STM32/bin/../lib/gcc/arm-none-eabi/14.3.1/../../../../arm-none-eabi/lib/thumb/v7-m/nofp\libc_nano.a
END GROUP
START GROUP
LOAD C:/ST/STM32CubeCLT_1.21.0/GNU-tools-for-STM32/bin/../lib/gcc/arm-none-eabi/14.3.1/thumb/v7-m/nofp\libgcc.a
LOAD C:/ST/STM32CubeCLT_1.21.0/GNU-tools-for-STM32/bin/../lib/gcc/arm-none-eabi/14.3.1/../../../../arm-none-eabi/lib/thumb/v7-m/nofp\libc_nano.a
END GROUP
LOAD C:/ST/STM32CubeCLT_1.21.0/GNU-tools-for-STM32/bin/../lib/gcc/arm-none-eabi/14.3.1/thumb/v7-m/nofp/crtend.o
LOAD C:/ST/STM32CubeCLT_1.21.0/GNU-tools-for-STM32/bin/../lib/gcc/arm-none-eabi/14.3.1/thumb/v7-m/nofp/crtn.o
                0x20005000                        _estack = (ORIGIN (RAM) + LENGTH (RAM))
                0x00000200                        _Min_Heap_Size = 0x200
                0x00000400                        _Min_Stack_Size = 0x400

.isr_vector     0x08000000      0x10c
                0x08000000                        . = ALIGN (0x4)
 *(.isr_vector)
 .isr_vector    0x08000000      0x10c CMakeFiles/chujue.dir/startup_stm32f103xb.s.obj
                0x08000000                g_pfnVectors
                0x0800010c                        . = ALIGN (0x4)

.text           0x0800010c     0x3450
                0x0800010c                        . = ALIGN (0x4)
 *(.text)
 .text          0x0800010c       0x40 C:/ST/STM32CubeCLT_1.21.0/GNU-tools-for-STM32/bin/../lib/gcc/arm-none-eabi/14.3.1/thumb/v7-m/nofp/crtbegin.o
 *(.text*)
 .text.SystemInit
                0x0800014c        0xc cmake/stm32cubemx/CMakeFiles/STM32_Drivers.dir/__/__/Core/Src/system_stm32f1xx.c.obj
                0x0800014c                SystemInit
 .text.HAL_ADC_Init
                0x08000158      0x1b0 cmake/stm32cubemx/CMakeFiles/STM32_Drivers.dir/__/__/Drivers/STM32F1xx_HAL_Driver/Src/stm32f1xx_hal_adc.c.obj
                0x08000158                HAL_ADC_Init
 .text.HAL_ADC_Start_DMA
                0x08000308      0x1bc cmake/stm32cubemx/CMakeFiles/STM32_Drivers.dir/__/__/Drivers/STM32F1xx_HAL_Driver/Src/stm32f1xx_hal_adc.c.obj
                0x08000308                HAL_ADC_Start_DMA
 .text.HAL_ADC_Stop_DMA
                0x080004c4       0x98 cmake/stm32cubemx/CMakeFiles/STM32_Drivers.dir/__/__/Drivers/STM32F1xx_HAL_Driver/Src/stm32f1xx_hal_adc.c.obj
                0x080004c4                HAL_ADC_Stop_DMA
 .text.HAL_ADC_ConvCpltCallback
                0x0800055c       0x12 cmake/stm32cubemx/CMakeFiles/STM32_Drivers.dir/__/__/Drivers/STM32F1xx_HAL_Driver/Src/stm32f1xx_hal_adc.c.obj
                0x0800055c                HAL_ADC_ConvCpltCallback
 .text.HAL_ADC_ConvHalfCpltCallback
                0x0800056e       0x12 cmake/stm32cubemx/CMakeFiles/STM32_Drivers.dir/__/__/Drivers/STM32F1xx_HAL_Driver/Src/stm32f1xx_hal_adc.c.obj
                0x0800056e                HAL_ADC_ConvHalfCpltCallback
 .text.HAL_ADC_ErrorCallback
                0x08000580       0x12 cmake/stm32cubemx/CMakeFiles/STM32_Drivers.dir/__/__/Drivers/STM32F1xx_HAL_Driver/Src/stm32f1xx_hal_adc.c.obj
                0x08000580                HAL_ADC_ErrorCallback
 *fill*         0x08000592        0x2 
 .text.HAL_ADC_ConfigChannel
                0x08000594      0x1f0 cmake/stm32cubemx/CMakeFiles/STM32_Drivers.dir/__/__/Drivers/STM32F1xx_HAL_Driver/Src/stm32f1xx_hal_adc.c.obj
                0x08000594                HAL_ADC_ConfigChannel
 .text.ADC_Enable
                0x08000784       0xb4 cmake/stm32cubemx/CMakeFiles/STM32_Drivers.dir/__/__/Drivers/STM32F1xx_HAL_Driver/Src/stm32f1xx_hal_adc.c.obj
                0x08000784                ADC_Enable
 .text.ADC_ConversionStop_Disable
                0x08000838       0x82 cmake/stm32cubemx/CMakeFiles/STM32_Drivers.dir/__/__/Drivers/STM32F1xx_HAL_Driver/Src/stm32f1xx_hal_adc.c.obj
                0x08000838                ADC_ConversionStop_Disable
 .text.ADC_DMAConvCplt
                0x080008ba       0x7c cmake/stm32cubemx/CMakeFiles/STM32_Drivers.dir/__/__/Drivers/STM32F1xx_HAL_Driver/Src/stm32f1xx_hal_adc.c.obj
                0x080008ba                ADC_DMAConvCplt
 .text.ADC_DMAHalfConvCplt
                0x08000936       0x1c cmake/stm32cubemx/CMakeFiles/STM32_Drivers.dir/__/__/Drivers/STM32F1xx_HAL_Driver/Src/stm32f1xx_hal_adc.c.obj
                0x08000936                ADC_DMAHalfConvCplt
 .text.ADC_DMAError
                0x08000952       0x34 cmake/stm32cubemx/CMakeFiles/STM32_Drivers.dir/__/__/Drivers/STM32F1xx_HAL_Driver/Src/stm32f1xx_hal_adc.c.obj
                0x08000952                ADC_DMAError
 *fill*         0x08000986        0x2 
 .text.HAL_Init
                0x08000988       0x2c cmake/stm32cubemx/CMakeFiles/STM32_Drivers.dir/__/__/Drivers/STM32F1xx_HAL_Driver/Src/stm32f1xx_hal.c.obj
                0x08000988                HAL_Init
 .text.HAL_InitTick
                0x080009b4       0x60 cmake/stm32cubemx/CMakeFiles/STM32_Drivers.dir/__/__/Drivers/STM32F1xx_HAL_Driver/Src/stm32f1xx_hal.c.obj
                0x080009b4                HAL_InitTick
 .text.HAL_IncTick
                0x08000a14       0x24 cmake/stm32cubemx/CMakeFiles/STM32_Drivers.dir/__/__/Drivers/STM32F1xx_HAL_Driver/Src/stm32f1xx_hal.c.obj
                0x08000a14                HAL_IncTick
 .text.HAL_GetTick
                0x08000a38       0x14 cmake/stm32cubemx/CMakeFiles/STM32_Drivers.dir/__/__/Drivers/STM32F1xx_HAL_Driver/Src/stm32f1xx_hal.c.obj
                0x08000a38                HAL_GetTick
 .text.HAL_RCC_OscConfig
                0x08000a4c      0x504 cmake/stm32cubemx/CMakeFiles/STM32_Drivers.dir/__/__/Drivers/STM32F1xx_HAL_Driver/Src/stm32f1xx_hal_rcc.c.obj
                0x08000a4c                HAL_RCC_OscConfig
 .text.HAL_RCC_ClockConfig
                0x08000f50      0x1d4 cmake/stm32cubemx/CMakeFiles/STM32_Drivers.dir/__/__/Drivers/STM32F1xx_HAL_Driver/Src/stm32f1xx_hal_rcc.c.obj
                0x08000f50                HAL_RCC_ClockConfig
 .text.HAL_RCC_GetSysClockFreq
                0x08001124       0xa8 cmake/stm32cubemx/CMakeFiles/STM32_Drivers.dir/__/__/Drivers/STM32F1xx_HAL_Driver/Src/stm32f1xx_hal_rcc.c.obj
                0x08001124                HAL_RCC_GetSysClockFreq
 .text.HAL_RCC_GetHCLKFreq
                0x080011cc       0x14 cmake/stm32cubemx/CMakeFiles/STM32_Drivers.dir/__/__/Drivers/STM32F1xx_HAL_Driver/Src/stm32f1xx_hal_rcc.c.obj
                0x080011cc                HAL_RCC_GetHCLKFreq
 .text.HAL_RCC_GetPCLK1Freq
                0x080011e0       0x28 cmake/stm32cubemx/CMakeFiles/STM32_Drivers.dir/__/__/Drivers/STM32F1xx_HAL_Driver/Src/stm32f1xx_hal_rcc.c.obj
                0x080011e0                HAL_RCC_GetPCLK1Freq
 .text.HAL_RCC_GetPCLK2Freq
                0x08001208       0x28 cmake/stm32cubemx/CMakeFiles/STM32_Drivers.dir/__/__/Drivers/STM32F1xx_HAL_Driver/Src/stm32f1xx_hal_rcc.c.obj
                0x08001208                HAL_RCC_GetPCLK2Freq
 .text.RCC_Delay
                0x08001230       0x3c cmake/stm32cubemx/CMakeFiles/STM32_Drivers.dir/__/__/Drivers/STM32F1xx_HAL_Driver/Src/stm32f1xx_hal_rcc.c.obj
 .text.HAL_RCCEx_PeriphCLKConfig
                0x0800126c      0x16c cmake/stm32cubemx/CMakeFiles/STM32_Drivers.dir/__/__/Drivers/STM32F1xx_HAL_Driver/Src/stm32f1xx_hal_rcc_ex.c.obj
                0x0800126c                HAL_RCCEx_PeriphCLKConfig
 .text.HAL_GPIO_Init
                0x080013d8      0x308 cmake/stm32cubemx/CMakeFiles/STM32_Drivers.dir/__/__/Drivers/STM32F1xx_HAL_Driver/Src/stm32f1xx_hal_gpio.c.obj
                0x080013d8                HAL_GPIO_Init
 .text.HAL_GPIO_WritePin
                0x080016e0       0x30 cmake/stm32cubemx/CMakeFiles/STM32_Drivers.dir/__/__/Drivers/STM32F1xx_HAL_Driver/Src/stm32f1xx_hal_gpio.c.obj
                0x080016e0                HAL_GPIO_WritePin
 .text.HAL_DMA_Init
                0x08001710       0xb4 cmake/stm32cubemx/CMakeFiles/STM32_Drivers.dir/__/__/Drivers/STM32F1xx_HAL_Driver/Src/stm32f1xx_hal_dma.c.obj
                0x08001710                HAL_DMA_Init
 .text.HAL_DMA_Start_IT
                0x080017c4       0xc0 cmake/stm32cubemx/CMakeFiles/STM32_Drivers.dir/__/__/Drivers/STM32F1xx_HAL_Driver/Src/stm32f1xx_hal_dma.c.obj
                0x080017c4                HAL_DMA_Start_IT
 .text.HAL_DMA_Abort
                0x08001884       0x76 cmake/stm32cubemx/CMakeFiles/STM32_Drivers.dir/__/__/Drivers/STM32F1xx_HAL_Driver/Src/stm32f1xx_hal_dma.c.obj
                0x08001884                HAL_DMA_Abort
 *fill*         0x080018fa        0x2 
 .text.HAL_DMA_IRQHandler
                0x080018fc      0x20c cmake/stm32cubemx/CMakeFiles/STM32_Drivers.dir/__/__/Drivers/STM32F1xx_HAL_Driver/Src/stm32f1xx_hal_dma.c.obj
                0x080018fc                HAL_DMA_IRQHandler
 .text.DMA_SetConfig
                0x08001b08       0x5a cmake/stm32cubemx/CMakeFiles/STM32_Drivers.dir/__/__/Drivers/STM32F1xx_HAL_Driver/Src/stm32f1xx_hal_dma.c.obj
 *fill*         0x08001b62        0x2 
 .text.__NVIC_SetPriorityGrouping
                0x08001b64       0x48 cmake/stm32cubemx/CMakeFiles/STM32_Drivers.dir/__/__/Drivers/STM32F1xx_HAL_Driver/Src/stm32f1xx_hal_cortex.c.obj
 .text.__NVIC_GetPriorityGrouping
                0x08001bac       0x1c cmake/stm32cubemx/CMakeFiles/STM32_Drivers.dir/__/__/Drivers/STM32F1xx_HAL_Driver/Src/stm32f1xx_hal_cortex.c.obj
 .text.__NVIC_EnableIRQ
                0x08001bc8       0x38 cmake/stm32cubemx/CMakeFiles/STM32_Drivers.dir/__/__/Drivers/STM32F1xx_HAL_Driver/Src/stm32f1xx_hal_cortex.c.obj
 .text.__NVIC_DisableIRQ
                0x08001c00       0x48 cmake/stm32cubemx/CMakeFiles/STM32_Drivers.dir/__/__/Drivers/STM32F1xx_HAL_Driver/Src/stm32f1xx_hal_cortex.c.obj
 .text.__NVIC_SetPriority
                0x08001c48       0x54 cmake/stm32cubemx/CMakeFiles/STM32_Drivers.dir/__/__/Drivers/STM32F1xx_HAL_Driver/Src/stm32f1xx_hal_cortex.c.obj
 .text.NVIC_EncodePriority
                0x08001c9c       0x64 cmake/stm32cubemx/CMakeFiles/STM32_Drivers.dir/__/__/Drivers/STM32F1xx_HAL_Driver/Src/stm32f1xx_hal_cortex.c.obj
 .text.SysTick_Config
                0x08001d00       0x44 cmake/stm32cubemx/CMakeFiles/STM32_Drivers.dir/__/__/Drivers/STM32F1xx_HAL_Driver/Src/stm32f1xx_hal_cortex.c.obj
 .text.HAL_NVIC_SetPriorityGrouping
                0x08001d44       0x16 cmake/stm32cubemx/CMakeFiles/STM32_Drivers.dir/__/__/Drivers/STM32F1xx_HAL_Driver/Src/stm32f1xx_hal_cortex.c.obj
                0x08001d44                HAL_NVIC_SetPriorityGrouping
 .text.HAL_NVIC_SetPriority
                0x08001d5a       0x38 cmake/stm32cubemx/CMakeFiles/STM32_Drivers.dir/__/__/Drivers/STM32F1xx_HAL_Driver/Src/stm32f1xx_hal_cortex.c.obj
                0x08001d5a                HAL_NVIC_SetPriority
 .text.HAL_NVIC_EnableIRQ
                0x08001d92       0x1c cmake/stm32cubemx/CMakeFiles/STM32_Drivers.dir/__/__/Drivers/STM32F1xx_HAL_Driver/Src/stm32f1xx_hal_cortex.c.obj
                0x08001d92                HAL_NVIC_EnableIRQ
 .text.HAL_NVIC_DisableIRQ
                0x08001dae       0x1c cmake/stm32cubemx/CMakeFiles/STM32_Drivers.dir/__/__/Drivers/STM32F1xx_HAL_Driver/Src/stm32f1xx_hal_cortex.c.obj
                0x08001dae                HAL_NVIC_DisableIRQ
 .text.HAL_SYSTICK_Config
                0x08001dca       0x18 cmake/stm32cubemx/CMakeFiles/STM32_Drivers.dir/__/__/Drivers/STM32F1xx_HAL_Driver/Src/stm32f1xx_hal_cortex.c.obj
                0x08001dca                HAL_SYSTICK_Config
 *fill*         0x08001de2        0x2 
 .text.HAL_TIM_Base_Start_IT
                0x08001de4       0xa4 cmake/stm32cubemx/CMakeFiles/STM32_Drivers.dir/__/__/Drivers/STM32F1xx_HAL_Driver/Src/stm32f1xx_hal_tim.c.obj
                0x08001de4                HAL_TIM_Base_Start_IT
 .text.HAL_TIM_OC_Init
                0x08001e88       0x9e cmake/stm32cubemx/CMakeFiles/STM32_Drivers.dir/__/__/Drivers/STM32F1xx_HAL_Driver/Src/stm32f1xx_hal_tim.c.obj
                0x08001e88                HAL_TIM_OC_Init
 .text.HAL_TIM_IRQHandler
                0x08001f26      0x1e0 cmake/stm32cubemx/CMakeFiles/STM32_Drivers.dir/__/__/Drivers/STM32F1xx_HAL_Driver/Src/stm32f1xx_hal_tim.c.obj
                0x08001f26                HAL_TIM_IRQHandler
 *fill*         0x08002106        0x2 
 .text.HAL_TIM_OC_ConfigChannel
                0x08002108       0xb8 cmake/stm32cubemx/CMakeFiles/STM32_Drivers.dir/__/__/Drivers/STM32F1xx_HAL_Driver/Src/stm32f1xx_hal_tim.c.obj
                0x08002108                HAL_TIM_OC_ConfigChannel
 .text.HAL_TIM_PeriodElapsedCallback
                0x080021c0       0x12 cmake/stm32cubemx/CMakeFiles/STM32_Drivers.dir/__/__/Drivers/STM32F1xx_HAL_Driver/Src/stm32f1xx_hal_tim.c.obj
                0x080021c0                HAL_TIM_PeriodElapsedCallback
 .text.HAL_TIM_OC_DelayElapsedCallback
                0x080021d2       0x12 cmake/stm32cubemx/CMakeFiles/STM32_Drivers.dir/__/__/Drivers/STM32F1xx_HAL_Driver/Src/stm32f1xx_hal_tim.c.obj
                0x080021d2                HAL_TIM_OC_DelayElapsedCallback
 .text.HAL_TIM_IC_CaptureCallback
                0x080021e4       0x12 cmake/stm32cubemx/CMakeFiles/STM32_Drivers.dir/__/__/Drivers/STM32F1xx_HAL_Driver/Src/stm32f1xx_hal_tim.c.obj
                0x080021e4                HAL_TIM_IC_CaptureCallback
 .text.HAL_TIM_PWM_PulseFinishedCallback
                0x080021f6       0x12 cmake/stm32cubemx/CMakeFiles/STM32_Drivers.dir/__/__/Drivers/STM32F1xx_HAL_Driver/Src/stm32f1xx_hal_tim.c.obj
                0x080021f6                HAL_TIM_PWM_PulseFinishedCallback
 .text.HAL_TIM_TriggerCallback
                0x08002208       0x12 cmake/stm32cubemx/CMakeFiles/STM32_Drivers.dir/__/__/Drivers/STM32F1xx_HAL_Driver/Src/stm32f1xx_hal_tim.c.obj
                0x08002208                HAL_TIM_TriggerCallback
 *fill*         0x0800221a        0x2 
 .text.TIM_Base_SetConfig
                0x0800221c       0xdc cmake/stm32cubemx/CMakeFiles/STM32_Drivers.dir/__/__/Drivers/STM32F1xx_HAL_Driver/Src/stm32f1xx_hal_tim.c.obj
                0x0800221c                TIM_Base_SetConfig
 .text.TIM_OC1_SetConfig
                0x080022f8       0xcc cmake/stm32cubemx/CMakeFiles/STM32_Drivers.dir/__/__/Drivers/STM32F1xx_HAL_Driver/Src/stm32f1xx_hal_tim.c.obj
 .text.TIM_OC2_SetConfig
                0x080023c4       0xd4 cmake/stm32cubemx/CMakeFiles/STM32_Drivers.dir/__/__/Drivers/STM32F1xx_HAL_Driver/Src/stm32f1xx_hal_tim.c.obj
                0x080023c4                TIM_OC2_SetConfig
 .text.TIM_OC3_SetConfig
                0x08002498       0xd4 cmake/stm32cubemx/CMakeFiles/STM32_Drivers.dir/__/__/Drivers/STM32F1xx_HAL_Driver/Src/stm32f1xx_hal_tim.c.obj
 .text.TIM_OC4_SetConfig
                0x0800256c       0x9c cmake/stm32cubemx/CMakeFiles/STM32_Drivers.dir/__/__/Drivers/STM32F1xx_HAL_Driver/Src/stm32f1xx_hal_tim.c.obj
 .text.HAL_TIMEx_MasterConfigSynchronization
                0x08002608       0xbc cmake/stm32cubemx/CMakeFiles/STM32_Drivers.dir/__/__/Drivers/STM32F1xx_HAL_Driver/Src/stm32f1xx_hal_tim_ex.c.obj
                0x08002608                HAL_TIMEx_MasterConfigSynchronization
 .text.HAL_TIMEx_ConfigBreakDeadTime
                0x080026c4       0xa2 cmake/stm32cubemx/CMakeFiles/STM32_Drivers.dir/__/__/Drivers/STM32F1xx_HAL_Driver/Src/stm32f1xx_hal_tim_ex.c.obj
                0x080026c4                HAL_TIMEx_ConfigBreakDeadTime
 .text.HAL_TIMEx_CommutCallback
                0x08002766       0x12 cmake/stm32cubemx/CMakeFiles/STM32_Drivers.dir/__/__/Drivers/STM32F1xx_HAL_Driver/Src/stm32f1xx_hal_tim_ex.c.obj
                0x08002766                HAL_TIMEx_CommutCallback
 .text.HAL_TIMEx_BreakCallback
                0x08002778       0x12 cmake/stm32cubemx/CMakeFiles/STM32_Drivers.dir/__/__/Drivers/STM32F1xx_HAL_Driver/Src/stm32f1xx_hal_tim_ex.c.obj
                0x08002778                HAL_TIMEx_BreakCallback
 .text.HAL_UART_Init
                0x0800278a       0xa0 cmake/stm32cubemx/CMakeFiles/STM32_Drivers.dir/__/__/Drivers/STM32F1xx_HAL_Driver/Src/stm32f1xx_hal_uart.c.obj
                0x0800278a                HAL_UART_Init
 .text.HAL_UART_Transmit
                0x0800282a      0x116 cmake/stm32cubemx/CMakeFiles/STM32_Drivers.dir/__/__/Drivers/STM32F1xx_HAL_Driver/Src/stm32f1xx_hal_uart.c.obj
                0x0800282a                HAL_UART_Transmit
 .text.UART_WaitOnFlagUntilTimeout
                0x08002940       0xb2 cmake/stm32cubemx/CMakeFiles/STM32_Drivers.dir/__/__/Drivers/STM32F1xx_HAL_Driver/Src/stm32f1xx_hal_uart.c.obj
 .text.UART_EndRxTransfer
                0x080029f2       0xc4 cmake/stm32cubemx/CMakeFiles/STM32_Drivers.dir/__/__/Drivers/STM32F1xx_HAL_Driver/Src/stm32f1xx_hal_uart.c.obj
 *fill*         0x08002ab6        0x2 
 .text.UART_SetConfig
                0x08002ab8      0x11c cmake/stm32cubemx/CMakeFiles/STM32_Drivers.dir/__/__/Drivers/STM32F1xx_HAL_Driver/Src/stm32f1xx_hal_uart.c.obj
 .text.DWT_Init
                0x08002bd4       0x34 CMakeFiles/chujue.dir/Core/Src/main.c.obj
 .text.DWT_DelayUs
                0x08002c08       0x4c CMakeFiles/chujue.dir/Core/Src/main.c.obj
 .text.SM_UserTick
                0x08002c54      0x1e8 CMakeFiles/chujue.dir/Core/Src/main.c.obj
                0x08002c54                SM_UserTick
 .text.main     0x08002e3c       0x74 CMakeFiles/chujue.dir/Core/Src/main.c.obj
                0x08002e3c                main
 .text.SystemClock_Config
                0x08002eb0       0xa0 CMakeFiles/chujue.dir/Core/Src/main.c.obj
                0x08002eb0                SystemClock_Config
 .text.Error_Handler
                0x08002f50        0xc CMakeFiles/chujue.dir/Core/Src/main.c.obj
                0x08002f50                Error_Handler
 .text.MX_GPIO_Init
                0x08002f5c       0x98 CMakeFiles/chujue.dir/Core/Src/gpio.c.obj
                0x08002f5c                MX_GPIO_Init
 .text.MX_ADC1_Init
                0x08002ff4       0x7c CMakeFiles/chujue.dir/Core/Src/adc.c.obj
                0x08002ff4                MX_ADC1_Init
 .text.HAL_ADC_MspInit
                0x08003070       0xd4 CMakeFiles/chujue.dir/Core/Src/adc.c.obj
                0x08003070                HAL_ADC_MspInit
 .text.MX_DMA_Init
                0x08003144       0x3c CMakeFiles/chujue.dir/Core/Src/dma.c.obj
                0x08003144                MX_DMA_Init
 .text.MX_TIM1_Init
                0x08003180      0x100 CMakeFiles/chujue.dir/Core/Src/tim.c.obj
                0x08003180                MX_TIM1_Init
 .text.HAL_TIM_OC_MspInit
                0x08003280       0x4c CMakeFiles/chujue.dir/Core/Src/tim.c.obj
                0x08003280                HAL_TIM_OC_MspInit
 .text.MX_USART1_UART_Init
                0x080032cc       0x54 CMakeFiles/chujue.dir/Core/Src/usart.c.obj
                0x080032cc                MX_USART1_UART_Init
 .text.HAL_UART_MspInit
                0x08003320       0x98 CMakeFiles/chujue.dir/Core/Src/usart.c.obj
                0x08003320                HAL_UART_MspInit
 .text.NMI_Handler
                0x080033b8        0x8 CMakeFiles/chujue.dir/Core/Src/stm32f1xx_it.c.obj
                0x080033b8                NMI_Handler
 .text.HardFault_Handler
                0x080033c0        0x8 CMakeFiles/chujue.dir/Core/Src/stm32f1xx_it.c.obj
                0x080033c0                HardFault_Handler
 .text.MemManage_Handler
                0x080033c8        0x8 CMakeFiles/chujue.dir/Core/Src/stm32f1xx_it.c.obj
                0x080033c8                MemManage_Handler
 .text.BusFault_Handler
                0x080033d0        0x8 CMakeFiles/chujue.dir/Core/Src/stm32f1xx_it.c.obj
                0x080033d0                BusFault_Handler
 .text.UsageFault_Handler
                0x080033d8        0x8 CMakeFiles/chujue.dir/Core/Src/stm32f1xx_it.c.obj
                0x080033d8                UsageFault_Handler
 .text.SVC_Handler
                0x080033e0        0xc CMakeFiles/chujue.dir/Core/Src/stm32f1xx_it.c.obj
                0x080033e0                SVC_Handler
 .text.DebugMon_Handler
                0x080033ec        0xc CMakeFiles/chujue.dir/Core/Src/stm32f1xx_it.c.obj
                0x080033ec                DebugMon_Handler
 .text.PendSV_Handler
                0x080033f8        0xc CMakeFiles/chujue.dir/Core/Src/stm32f1xx_it.c.obj
                0x080033f8                PendSV_Handler
 .text.SysTick_Handler
                0x08003404        0xc CMakeFiles/chujue.dir/Core/Src/stm32f1xx_it.c.obj
                0x08003404                SysTick_Handler
 .text.DMA1_Channel1_IRQHandler
                0x08003410       0x14 CMakeFiles/chujue.dir/Core/Src/stm32f1xx_it.c.obj
                0x08003410                DMA1_Channel1_IRQHandler
 .text.TIM1_UP_IRQHandler
                0x08003424       0x18 CMakeFiles/chujue.dir/Core/Src/stm32f1xx_it.c.obj
                0x08003424                TIM1_UP_IRQHandler
 .text.HAL_MspInit
                0x0800343c       0x64 CMakeFiles/chujue.dir/Core/Src/stm32f1xx_hal_msp.c.obj
                0x0800343c                HAL_MspInit
 .text.Reset_Handler
                0x080034a0       0x48 CMakeFiles/chujue.dir/startup_stm32f103xb.s.obj
                0x080034a0                Reset_Handler
 .text.Default_Handler
                0x080034e8        0x2 CMakeFiles/chujue.dir/startup_stm32f103xb.s.obj
                0x080034e8                RTC_Alarm_IRQHandler
                0x080034e8                EXTI2_IRQHandler
                0x080034e8                TIM1_CC_IRQHandler
                0x080034e8                PVD_IRQHandler
                0x080034e8                EXTI3_IRQHandler
                0x080034e8                EXTI0_IRQHandler
                0x080034e8                I2C2_EV_IRQHandler
                0x080034e8                ADC1_2_IRQHandler
                0x080034e8                SPI1_IRQHandler
                0x080034e8                TAMPER_IRQHandler
                0x080034e8                DMA1_Channel4_IRQHandler
                0x080034e8                USART3_IRQHandler
                0x080034e8                RTC_IRQHandler
                0x080034e8                DMA1_Channel7_IRQHandler
                0x080034e8                CAN1_RX1_IRQHandler
                0x080034e8                TIM4_IRQHandler
                0x080034e8                I2C1_EV_IRQHandler
                0x080034e8                DMA1_Channel6_IRQHandler
                0x080034e8                TIM3_IRQHandler
                0x080034e8                RCC_IRQHandler
                0x080034e8                TIM1_TRG_COM_IRQHandler
                0x080034e8                Default_Handler
                0x080034e8                EXTI15_10_IRQHandler
                0x080034e8                EXTI9_5_IRQHandler
                0x080034e8                SPI2_IRQHandler
                0x080034e8                DMA1_Channel5_IRQHandler
                0x080034e8                EXTI4_IRQHandler
                0x080034e8                USB_LP_CAN1_RX0_IRQHandler
                0x080034e8                USB_HP_CAN1_TX_IRQHandler
                0x080034e8                DMA1_Channel3_IRQHandler
                0x080034e8                WWDG_IRQHandler
                0x080034e8                TIM2_IRQHandler
                0x080034e8                TIM1_BRK_IRQHandler
                0x080034e8                EXTI1_IRQHandler
                0x080034e8                USART2_IRQHandler
                0x080034e8                I2C2_ER_IRQHandler
                0x080034e8                DMA1_Channel2_IRQHandler
                0x080034e8                CAN1_SCE_IRQHandler
                0x080034e8                FLASH_IRQHandler
                0x080034e8                USART1_IRQHandler
                0x080034e8                I2C1_ER_IRQHandler
                0x080034e8                USBWakeUp_IRQHandler
 .text.memset   0x080034ea       0x10 C:/ST/STM32CubeCLT_1.21.0/GNU-tools-for-STM32/bin/../lib/gcc/arm-none-eabi/14.3.1/../../../../arm-none-eabi/lib/thumb/v7-m/nofp\libg_nano.a(libc_a-memset.o)
                0x080034ea                memset
 *fill*         0x080034fa        0x2 
 .text.__libc_init_array
                0x080034fc       0x48 C:/ST/STM32CubeCLT_1.21.0/GNU-tools-for-STM32/bin/../lib/gcc/arm-none-eabi/14.3.1/../../../../arm-none-eabi/lib/thumb/v7-m/nofp\libg_nano.a(libc_a-init.o)
                0x080034fc                __libc_init_array
 *(.glue_7)
 .glue_7        0x08003544        0x0 linker stubs
 *(.glue_7t)
 .glue_7t       0x08003544        0x0 linker stubs
 *(.eh_frame)
 .eh_frame      0x08003544        0x0 C:/ST/STM32CubeCLT_1.21.0/GNU-tools-for-STM32/bin/../lib/gcc/arm-none-eabi/14.3.1/thumb/v7-m/nofp/crtbegin.o
 *(.init)
 .init          0x08003544        0x4 C:/ST/STM32CubeCLT_1.21.0/GNU-tools-for-STM32/bin/../lib/gcc/arm-none-eabi/14.3.1/thumb/v7-m/nofp/crti.o
                0x08003544                _init
 .init          0x08003548        0x8 C:/ST/STM32CubeCLT_1.21.0/GNU-tools-for-STM32/bin/../lib/gcc/arm-none-eabi/14.3.1/thumb/v7-m/nofp/crtn.o
 *(.fini)
 .fini          0x08003550        0x4 C:/ST/STM32CubeCLT_1.21.0/GNU-tools-for-STM32/bin/../lib/gcc/arm-none-eabi/14.3.1/thumb/v7-m/nofp/crti.o
                0x08003550                _fini
 .fini          0x08003554        0x8 C:/ST/STM32CubeCLT_1.21.0/GNU-tools-for-STM32/bin/../lib/gcc/arm-none-eabi/14.3.1/thumb/v7-m/nofp/crtn.o
                0x0800355c                        . = ALIGN (0x4)
                0x0800355c                        _etext = .

.vfp11_veneer   0x0800355c        0x0
 .vfp11_veneer  0x0800355c        0x0 linker stubs

.v4_bx          0x0800355c        0x0
 .v4_bx         0x0800355c        0x0 linker stubs

.iplt           0x0800355c        0x0
 .iplt          0x0800355c        0x0 C:/ST/STM32CubeCLT_1.21.0/GNU-tools-for-STM32/bin/../lib/gcc/arm-none-eabi/14.3.1/thumb/v7-m/nofp/crtbegin.o

.rodata         0x0800355c       0x48
                0x0800355c                        . = ALIGN (0x4)
 *(.rodata)
 *(.rodata*)
 .rodata.AHBPrescTable
                0x0800355c       0x10 cmake/stm32cubemx/CMakeFiles/STM32_Drivers.dir/__/__/Core/Src/system_stm32f1xx.c.obj
                0x0800355c                AHBPrescTable
 .rodata.APBPrescTable
                0x0800356c        0x8 cmake/stm32cubemx/CMakeFiles/STM32_Drivers.dir/__/__/Core/Src/system_stm32f1xx.c.obj
                0x0800356c                APBPrescTable
 .rodata.aPLLMULFactorTable.1
                0x08003574       0x10 cmake/stm32cubemx/CMakeFiles/STM32_Drivers.dir/__/__/Drivers/STM32F1xx_HAL_Driver/Src/stm32f1xx_hal_rcc.c.obj
 .rodata.aPredivFactorTable.0
                0x08003584        0x2 cmake/stm32cubemx/CMakeFiles/STM32_Drivers.dir/__/__/Drivers/STM32F1xx_HAL_Driver/Src/stm32f1xx_hal_rcc.c.obj
 *fill*         0x08003586        0x2 
 .rodata.sm_exc_pins
                0x08003588       0x10 CMakeFiles/chujue.dir/Core/Src/main.c.obj
 .rodata.sm_adc_chans
                0x08003598        0x8 CMakeFiles/chujue.dir/Core/Src/main.c.obj
 .rodata.sync.0
                0x080035a0        0x2 CMakeFiles/chujue.dir/Core/Src/main.c.obj
                0x080035a4                        . = ALIGN (0x4)
 *fill*         0x080035a2        0x2 

.ARM.extab      0x080035a4        0x0
                0x080035a4                        . = ALIGN (0x4)
 *(.ARM.extab* .gnu.linkonce.armextab.*)
                0x080035a4                        . = ALIGN (0x4)

.ARM            0x080035a4        0x0
                0x080035a4                        . = ALIGN (0x4)
                0x080035a4                        __exidx_start = .
 *(.ARM.exidx*)
                0x080035a4                        __exidx_end = .
                0x080035a4                        . = ALIGN (0x4)

.preinit_array  0x080035a4        0x0
                0x080035a4                        . = ALIGN (0x4)
                0x080035a4                        PROVIDE (__preinit_array_start = .)
 *(.preinit_array*)
                0x080035a4                        PROVIDE (__preinit_array_end = .)
                0x080035a4                        . = ALIGN (0x4)

.init_array     0x080035a4        0x4
                0x080035a4                        . = ALIGN (0x4)
                0x080035a4                        PROVIDE (__init_array_start = .)
 *(SORT_BY_NAME(.init_array.*))
 *(.init_array*)
 .init_array    0x080035a4        0x4 C:/ST/STM32CubeCLT_1.21.0/GNU-tools-for-STM32/bin/../lib/gcc/arm-none-eabi/14.3.1/thumb/v7-m/nofp/crtbegin.o
                0x080035a8                        PROVIDE (__init_array_end = .)
                0x080035a8                        . = ALIGN (0x4)

.fini_array     0x080035a8        0x4
                0x080035a8                        . = ALIGN (0x4)
                [!provide]                        PROVIDE (__fini_array_start = .)
 *(SORT_BY_NAME(.fini_array.*))
 *(.fini_array*)
 .fini_array    0x080035a8        0x4 C:/ST/STM32CubeCLT_1.21.0/GNU-tools-for-STM32/bin/../lib/gcc/arm-none-eabi/14.3.1/thumb/v7-m/nofp/crtbegin.o
                [!provide]                        PROVIDE (__fini_array_end = .)
                0x080035ac                        . = ALIGN (0x4)
                0x080035ac                        _sidata = LOADADDR (.data)

.rel.dyn        0x080035ac        0x0
 .rel.iplt      0x080035ac        0x0 C:/ST/STM32CubeCLT_1.21.0/GNU-tools-for-STM32/bin/../lib/gcc/arm-none-eabi/14.3.1/thumb/v7-m/nofp/crtbegin.o

.data           0x20000000        0xc load address 0x080035ac
                0x20000000                        . = ALIGN (0x4)
                0x20000000                        _sdata = .
 *(.data)
 *(.data*)
 .data.SystemCoreClock
                0x20000000        0x4 cmake/stm32cubemx/CMakeFiles/STM32_Drivers.dir/__/__/Core/Src/system_stm32f1xx.c.obj
                0x20000000                SystemCoreClock
 .data.uwTickPrio
                0x20000004        0x4 cmake/stm32cubemx/CMakeFiles/STM32_Drivers.dir/__/__/Drivers/STM32F1xx_HAL_Driver/Src/stm32f1xx_hal.c.obj
                0x20000004                uwTickPrio
 .data.uwTickFreq
                0x20000008        0x1 cmake/stm32cubemx/CMakeFiles/STM32_Drivers.dir/__/__/Drivers/STM32F1xx_HAL_Driver/Src/stm32f1xx_hal.c.obj
                0x20000008                uwTickFreq
 *(.RamFunc)
 *(.RamFunc*)
                0x2000000c                        . = ALIGN (0x4)
 *fill*         0x20000009        0x3 

.igot.plt       0x2000000c        0x0 load address 0x080035b8
 .igot.plt      0x2000000c        0x0 C:/ST/STM32CubeCLT_1.21.0/GNU-tools-for-STM32/bin/../lib/gcc/arm-none-eabi/14.3.1/thumb/v7-m/nofp/crtbegin.o

.tdata          0x2000000c        0x0 load address 0x080035b8
 *(.tdata .tdata.* .gnu.linkonce.td.*)
                0x2000000c                        . = ALIGN (0x4)
                0x2000000c                        _edata = .
                [!provide]                        PROVIDE (__data_end = .)
                [!provide]                        PROVIDE (__tdata_end = .)
                [!provide]                        PROVIDE (__tdata_start = ADDR (.tdata))
                [!provide]                        PROVIDE (__tdata_size = (__tdata_end - __tdata_start))
                [!provide]                        PROVIDE (__data_start = ADDR (.data))
                [!provide]                        PROVIDE (__data_size = (__data_end - __data_start))
                [!provide]                        PROVIDE (__tdata_source = LOADADDR (.tdata))
                [!provide]                        PROVIDE (__tdata_source_end = (LOADADDR (.tdata) + SIZEOF (.tdata)))
                [!provide]                        PROVIDE (__tdata_source_size = (__tdata_source_end - __tdata_source))
                [!provide]                        PROVIDE (__data_source = LOADADDR (.data))
                [!provide]                        PROVIDE (__data_source_end = __tdata_source_end)
                [!provide]                        PROVIDE (__data_source_size = (__data_source_end - __data_source))

.tbss           0x2000000c        0x0 load address 0x080035b8
                0x2000000c                        _sbss = .
                0x2000000c                        __bss_start__ = _sbss
 *(.tbss .tbss.*)
                0x2000000c                        . = ALIGN (0x4)
                [!provide]                        PROVIDE (__tbss_end = .)
                [!provide]                        PROVIDE (__tbss_start = ADDR (.tbss))
                [!provide]                        PROVIDE (__tbss_size = (__tbss_end - __tbss_start))
                [!provide]                        PROVIDE (__tbss_offset = (ADDR (.tbss) - ADDR (.tdata)))
                [!provide]                        PROVIDE (__tls_base = __tdata_start)
                [!provide]                        PROVIDE (__tls_end = __tbss_end)
                [!provide]                        PROVIDE (__tls_size = (__tls_end - __tls_base))
                [!provide]                        PROVIDE (__tls_align = MAX (ALIGNOF (.tdata), ALIGNOF (.tbss)))
                [!provide]                        PROVIDE (__tls_size_align = (((__tls_size + __tls_align) - 0x1) & ~ ((__tls_align - 0x1))))
                [!provide]                        PROVIDE (__arm32_tls_tcb_offset = MAX (0x8, __tls_align))
                [!provide]                        PROVIDE (__arm64_tls_tcb_offset = MAX (0x10, __tls_align))

.bss            0x2000000c      0x230 load address 0x080035b8
 *(.bss)
 .bss           0x2000000c       0x1c C:/ST/STM32CubeCLT_1.21.0/GNU-tools-for-STM32/bin/../lib/gcc/arm-none-eabi/14.3.1/thumb/v7-m/nofp/crtbegin.o
 *(.bss*)
 .bss.uwTick    0x20000028        0x4 cmake/stm32cubemx/CMakeFiles/STM32_Drivers.dir/__/__/Drivers/STM32F1xx_HAL_Driver/Src/stm32f1xx_hal.c.obj
                0x20000028                uwTick
 .bss.sm_step   0x2000002c        0x1 CMakeFiles/chujue.dir/Core/Src/main.c.obj
 .bss.sm_exc_idx
                0x2000002d        0x1 CMakeFiles/chujue.dir/Core/Src/main.c.obj
 .bss.sm_adc_idx
                0x2000002e        0x1 CMakeFiles/chujue.dir/Core/Src/main.c.obj
 .bss.sm_frame_ready
                0x2000002f        0x1 CMakeFiles/chujue.dir/Core/Src/main.c.obj
 .bss.sm_frame_write
                0x20000030        0x2 CMakeFiles/chujue.dir/Core/Src/main.c.obj
 *fill*         0x20000032        0x2 
 .bss.sm_adc_dma_buf
                0x20000034        0x4 CMakeFiles/chujue.dir/Core/Src/main.c.obj
 .bss.sm_frame_buf
                0x20000038      0x100 CMakeFiles/chujue.dir/Core/Src/main.c.obj
 .bss.hadc1     0x20000138       0x30 CMakeFiles/chujue.dir/Core/Src/adc.c.obj
                0x20000138                hadc1
 .bss.hdma_adc1
                0x20000168       0x44 CMakeFiles/chujue.dir/Core/Src/adc.c.obj
                0x20000168                hdma_adc1
 .bss.htim1     0x200001ac       0x48 CMakeFiles/chujue.dir/Core/Src/tim.c.obj
                0x200001ac                htim1
 .bss.huart1    0x200001f4       0x48 CMakeFiles/chujue.dir/Core/Src/usart.c.obj
                0x200001f4                huart1
 *(COMMON)
                0x2000023c                        . = ALIGN (0x4)
                0x2000023c                        _ebss = .
                0x2000023c                        __bss_end__ = _ebss
                [!provide]                        PROVIDE (__bss_end = .)
                [!provide]                        PROVIDE (__non_tls_bss_start = ADDR (.bss))
                [!provide]                        PROVIDE (__bss_start = __tbss_start)
                [!provide]                        PROVIDE (__bss_size = (__bss_end - __bss_start))

._user_heap_stack
                0x2000023c      0x604 load address 0x080035b8
                0x20000240                        . = ALIGN (0x8)
 *fill*         0x2000023c        0x4 
                [!provide]                        PROVIDE (end = .)
                0x20000240                        PROVIDE (_end = .)
                0x20000440                        . = (. + _Min_Heap_Size)
 *fill*         0x20000240      0x200 
                0x20000840                        . = (. + _Min_Stack_Size)
 *fill*         0x20000440      0x400 
                0x20000840                        . = ALIGN (0x8)

/DISCARD/
 libc.a:*(*)
 libm.a:*(*)
 libgcc.a:*(*)
OUTPUT(chujue.elf elf32-littlearm)
LOAD linker stubs

.ARM.attributes
                0x00000000       0x29
 .ARM.attributes
                0x00000000       0x1d C:/ST/STM32CubeCLT_1.21.0/GNU-tools-for-STM32/bin/../lib/gcc/arm-none-eabi/14.3.1/thumb/v7-m/nofp/crti.o
 .ARM.attributes
                0x0000001d       0x2d C:/ST/STM32CubeCLT_1.21.0/GNU-tools-for-STM32/bin/../lib/gcc/arm-none-eabi/14.3.1/thumb/v7-m/nofp/crtbegin.o
 .ARM.attributes
                0x0000004a       0x2d cmake/stm32cubemx/CMakeFiles/STM32_Drivers.dir/__/__/Core/Src/system_stm32f1xx.c.obj
 .ARM.attributes
                0x00000077       0x2d cmake/stm32cubemx/CMakeFiles/STM32_Drivers.dir/__/__/Drivers/STM32F1xx_HAL_Driver/Src/stm32f1xx_hal_adc.c.obj
 .ARM.attributes
                0x000000a4       0x2d cmake/stm32cubemx/CMakeFiles/STM32_Drivers.dir/__/__/Drivers/STM32F1xx_HAL_Driver/Src/stm32f1xx_hal.c.obj
 .ARM.attributes
                0x000000d1       0x2d cmake/stm32cubemx/CMakeFiles/STM32_Drivers.dir/__/__/Drivers/STM32F1xx_HAL_Driver/Src/stm32f1xx_hal_rcc.c.obj
 .ARM.attributes
                0x000000fe       0x2d cmake/stm32cubemx/CMakeFiles/STM32_Drivers.dir/__/__/Drivers/STM32F1xx_HAL_Driver/Src/stm32f1xx_hal_rcc_ex.c.obj
 .ARM.attributes
                0x0000012b       0x2d cmake/stm32cubemx/CMakeFiles/STM32_Drivers.dir/__/__/Drivers/STM32F1xx_HAL_Driver/Src/stm32f1xx_hal_gpio.c.obj
 .ARM.attributes
                0x00000158       0x2d cmake/stm32cubemx/CMakeFiles/STM32_Drivers.dir/__/__/Drivers/STM32F1xx_HAL_Driver/Src/stm32f1xx_hal_dma.c.obj
 .ARM.attributes
                0x00000185       0x2d cmake/stm32cubemx/CMakeFiles/STM32_Drivers.dir/__/__/Drivers/STM32F1xx_HAL_Driver/Src/stm32f1xx_hal_cortex.c.obj
 .ARM.attributes
                0x000001b2       0x2d cmake/stm32cubemx/CMakeFiles/STM32_Drivers.dir/__/__/Drivers/STM32F1xx_HAL_Driver/Src/stm32f1xx_hal_tim.c.obj
 .ARM.attributes
                0x000001df       0x2d cmake/stm32cubemx/CMakeFiles/STM32_Drivers.dir/__/__/Drivers/STM32F1xx_HAL_Driver/Src/stm32f1xx_hal_tim_ex.c.obj
 .ARM.attributes
                0x0000020c       0x2d cmake/stm32cubemx/CMakeFiles/STM32_Drivers.dir/__/__/Drivers/STM32F1xx_HAL_Driver/Src/stm32f1xx_hal_uart.c.obj
 .ARM.attributes
                0x00000239       0x2d CMakeFiles/chujue.dir/Core/Src/main.c.obj
 .ARM.attributes
                0x00000266       0x2d CMakeFiles/chujue.dir/Core/Src/gpio.c.obj
 .ARM.attributes
                0x00000293       0x2d CMakeFiles/chujue.dir/Core/Src/adc.c.obj
 .ARM.attributes
                0x000002c0       0x2d CMakeFiles/chujue.dir/Core/Src/dma.c.obj
 .ARM.attributes
                0x000002ed       0x2d CMakeFiles/chujue.dir/Core/Src/tim.c.obj
 .ARM.attributes
                0x0000031a       0x2d CMakeFiles/chujue.dir/Core/Src/usart.c.obj
 .ARM.attributes
                0x00000347       0x2d CMakeFiles/chujue.dir/Core/Src/stm32f1xx_it.c.obj
 .ARM.attributes
                0x00000374       0x2d CMakeFiles/chujue.dir/Core/Src/stm32f1xx_hal_msp.c.obj
 .ARM.attributes
                0x000003a1       0x21 CMakeFiles/chujue.dir/startup_stm32f103xb.s.obj
 .ARM.attributes
                0x000003c2       0x2d C:/ST/STM32CubeCLT_1.21.0/GNU-tools-for-STM32/bin/../lib/gcc/arm-none-eabi/14.3.1/../../../../arm-none-eabi/lib/thumb/v7-m/nofp\libg_nano.a(libc_a-memset.o)
 .ARM.attributes
                0x000003ef       0x2d C:/ST/STM32CubeCLT_1.21.0/GNU-tools-for-STM32/bin/../lib/gcc/arm-none-eabi/14.3.1/../../../../arm-none-eabi/lib/thumb/v7-m/nofp\libg_nano.a(libc_a-init.o)
 .ARM.attributes
                0x0000041c       0x1d C:/ST/STM32CubeCLT_1.21.0/GNU-tools-for-STM32/bin/../lib/gcc/arm-none-eabi/14.3.1/thumb/v7-m/nofp/crtn.o

.comment        0x00000000       0x43
 .comment       0x00000000       0x43 cmake/stm32cubemx/CMakeFiles/STM32_Drivers.dir/__/__/Core/Src/system_stm32f1xx.c.obj
                                 0x44 (size before relaxing)
 .comment       0x00000043       0x44 cmake/stm32cubemx/CMakeFiles/STM32_Drivers.dir/__/__/Drivers/STM32F1xx_HAL_Driver/Src/stm32f1xx_hal_adc.c.obj
 .comment       0x00000043       0x44 cmake/stm32cubemx/CMakeFiles/STM32_Drivers.dir/__/__/Drivers/STM32F1xx_HAL_Driver/Src/stm32f1xx_hal.c.obj
 .comment       0x00000043       0x44 cmake/stm32cubemx/CMakeFiles/STM32_Drivers.dir/__/__/Drivers/STM32F1xx_HAL_Driver/Src/stm32f1xx_hal_rcc.c.obj
 .comment       0x00000043       0x44 cmake/stm32cubemx/CMakeFiles/STM32_Drivers.dir/__/__/Drivers/STM32F1xx_HAL_Driver/Src/stm32f1xx_hal_rcc_ex.c.obj
 .comment       0x00000043       0x44 cmake/stm32cubemx/CMakeFiles/STM32_Drivers.dir/__/__/Drivers/STM32F1xx_HAL_Driver/Src/stm32f1xx_hal_gpio.c.obj
 .comment       0x00000043       0x44 cmake/stm32cubemx/CMakeFiles/STM32_Drivers.dir/__/__/Drivers/STM32F1xx_HAL_Driver/Src/stm32f1xx_hal_dma.c.obj
 .comment       0x00000043       0x44 cmake/stm32cubemx/CMakeFiles/STM32_Drivers.dir/__/__/Drivers/STM32F1xx_HAL_Driver/Src/stm32f1xx_hal_cortex.c.obj
 .comment       0x00000043       0x44 cmake/stm32cubemx/CMakeFiles/STM32_Drivers.dir/__/__/Drivers/STM32F1xx_HAL_Driver/Src/stm32f1xx_hal_tim.c.obj
 .comment       0x00000043       0x44 cmake/stm32cubemx/CMakeFiles/STM32_Drivers.dir/__/__/Drivers/STM32F1xx_HAL_Driver/Src/stm32f1xx_hal_tim_ex.c.obj
 .comment       0x00000043       0x44 cmake/stm32cubemx/CMakeFiles/STM32_Drivers.dir/__/__/Drivers/STM32F1xx_HAL_Driver/Src/stm32f1xx_hal_uart.c.obj
 .comment       0x00000043       0x44 CMakeFiles/chujue.dir/Core/Src/main.c.obj
 .comment       0x00000043       0x44 CMakeFiles/chujue.dir/Core/Src/gpio.c.obj
 .comment       0x00000043       0x44 CMakeFiles/chujue.dir/Core/Src/adc.c.obj
 .comment       0x00000043       0x44 CMakeFiles/chujue.dir/Core/Src/dma.c.obj
 .comment       0x00000043       0x44 CMakeFiles/chujue.dir/Core/Src/tim.c.obj
 .comment       0x00000043       0x44 CMakeFiles/chujue.dir/Core/Src/usart.c.obj
 .comment       0x00000043       0x44 CMakeFiles/chujue.dir/Core/Src/stm32f1xx_it.c.obj
 .comment       0x00000043       0x44 CMakeFiles/chujue.dir/Core/Src/stm32f1xx_hal_msp.c.obj
 .comment       0x00000043       0x44 C:/ST/STM32CubeCLT_1.21.0/GNU-tools-for-STM32/bin/../lib/gcc/arm-none-eabi/14.3.1/../../../../arm-none-eabi/lib/thumb/v7-m/nofp\libg_nano.a(libc_a-memset.o)
 .comment       0x00000043       0x44 C:/ST/STM32CubeCLT_1.21.0/GNU-tools-for-STM32/bin/../lib/gcc/arm-none-eabi/14.3.1/../../../../arm-none-eabi/lib/thumb/v7-m/nofp\libg_nano.a(libc_a-init.o)

.debug_info     0x00000000     0xe325
 .debug_info    0x00000000      0x222 cmake/stm32cubemx/CMakeFiles/STM32_Drivers.dir/__/__/Core/Src/system_stm32f1xx.c.obj
 .debug_info    0x00000222      0xc50 cmake/stm32cubemx/CMakeFiles/STM32_Drivers.dir/__/__/Drivers/STM32F1xx_HAL_Driver/Src/stm32f1xx_hal_adc.c.obj
 .debug_info    0x00000e72      0x704 cmake/stm32cubemx/CMakeFiles/STM32_Drivers.dir/__/__/Drivers/STM32F1xx_HAL_Driver/Src/stm32f1xx_hal.c.obj
 .debug_info    0x00001576      0x7d5 cmake/stm32cubemx/CMakeFiles/STM32_Drivers.dir/__/__/Drivers/STM32F1xx_HAL_Driver/Src/stm32f1xx_hal_rcc.c.obj
 .debug_info    0x00001d4b      0x3c0 cmake/stm32cubemx/CMakeFiles/STM32_Drivers.dir/__/__/Drivers/STM32F1xx_HAL_Driver/Src/stm32f1xx_hal_rcc_ex.c.obj
 .debug_info    0x0000210b      0x5ab cmake/stm32cubemx/CMakeFiles/STM32_Drivers.dir/__/__/Drivers/STM32F1xx_HAL_Driver/Src/stm32f1xx_hal_gpio.c.obj
 .debug_info    0x000026b6      0x6d2 cmake/stm32cubemx/CMakeFiles/STM32_Drivers.dir/__/__/Drivers/STM32F1xx_HAL_Driver/Src/stm32f1xx_hal_dma.c.obj
 .debug_info    0x00002d88      0xa87 cmake/stm32cubemx/CMakeFiles/STM32_Drivers.dir/__/__/Drivers/STM32F1xx_HAL_Driver/Src/stm32f1xx_hal_cortex.c.obj
 .debug_info    0x0000380f     0x2959 cmake/stm32cubemx/CMakeFiles/STM32_Drivers.dir/__/__/Drivers/STM32F1xx_HAL_Driver/Src/stm32f1xx_hal_tim.c.obj
 .debug_info    0x00006168     0x149b cmake/stm32cubemx/CMakeFiles/STM32_Drivers.dir/__/__/Drivers/STM32F1xx_HAL_Driver/Src/stm32f1xx_hal_tim_ex.c.obj
 .debug_info    0x00007603     0x2eed cmake/stm32cubemx/CMakeFiles/STM32_Drivers.dir/__/__/Drivers/STM32F1xx_HAL_Driver/Src/stm32f1xx_hal_uart.c.obj
 .debug_info    0x0000a4f0     0x139f CMakeFiles/chujue.dir/Core/Src/main.c.obj
 .debug_info    0x0000b88f      0x2b7 CMakeFiles/chujue.dir/Core/Src/gpio.c.obj
 .debug_info    0x0000bb46      0x7fc CMakeFiles/chujue.dir/Core/Src/adc.c.obj
 .debug_info    0x0000c342      0x2cf CMakeFiles/chujue.dir/Core/Src/dma.c.obj
 .debug_info    0x0000c611      0xa9e CMakeFiles/chujue.dir/Core/Src/tim.c.obj
 .debug_info    0x0000d0af      0x798 CMakeFiles/chujue.dir/Core/Src/usart.c.obj
 .debug_info    0x0000d847      0x6d2 CMakeFiles/chujue.dir/Core/Src/stm32f1xx_it.c.obj
 .debug_info    0x0000df19      0x1f1 CMakeFiles/chujue.dir/Core/Src/stm32f1xx_hal_msp.c.obj
 .debug_info    0x0000e10a       0x30 CMakeFiles/chujue.dir/startup_stm32f103xb.s.obj
 .debug_info    0x0000e13a       0xe0 C:/ST/STM32CubeCLT_1.21.0/GNU-tools-for-STM32/bin/../lib/gcc/arm-none-eabi/14.3.1/../../../../arm-none-eabi/lib/thumb/v7-m/nofp\libg_nano.a(libc_a-memset.o)
 .debug_info    0x0000e21a      0x10b C:/ST/STM32CubeCLT_1.21.0/GNU-tools-for-STM32/bin/../lib/gcc/arm-none-eabi/14.3.1/../../../../arm-none-eabi/lib/thumb/v7-m/nofp\libg_nano.a(libc_a-init.o)

.debug_abbrev   0x00000000     0x275c
 .debug_abbrev  0x00000000      0x13f cmake/stm32cubemx/CMakeFiles/STM32_Drivers.dir/__/__/Core/Src/system_stm32f1xx.c.obj
 .debug_abbrev  0x0000013f      0x225 cmake/stm32cubemx/CMakeFiles/STM32_Drivers.dir/__/__/Drivers/STM32F1xx_HAL_Driver/Src/stm32f1xx_hal_adc.c.obj
 .debug_abbrev  0x00000364      0x201 cmake/stm32cubemx/CMakeFiles/STM32_Drivers.dir/__/__/Drivers/STM32F1xx_HAL_Driver/Src/stm32f1xx_hal.c.obj
 .debug_abbrev  0x00000565      0x2b3 cmake/stm32cubemx/CMakeFiles/STM32_Drivers.dir/__/__/Drivers/STM32F1xx_HAL_Driver/Src/stm32f1xx_hal_rcc.c.obj
 .debug_abbrev  0x00000818      0x188 cmake/stm32cubemx/CMakeFiles/STM32_Drivers.dir/__/__/Drivers/STM32F1xx_HAL_Driver/Src/stm32f1xx_hal_rcc_ex.c.obj
 .debug_abbrev  0x000009a0      0x1ca cmake/stm32cubemx/CMakeFiles/STM32_Drivers.dir/__/__/Drivers/STM32F1xx_HAL_Driver/Src/stm32f1xx_hal_gpio.c.obj
 .debug_abbrev  0x00000b6a      0x20b cmake/stm32cubemx/CMakeFiles/STM32_Drivers.dir/__/__/Drivers/STM32F1xx_HAL_Driver/Src/stm32f1xx_hal_dma.c.obj
 .debug_abbrev  0x00000d75      0x2f8 cmake/stm32cubemx/CMakeFiles/STM32_Drivers.dir/__/__/Drivers/STM32F1xx_HAL_Driver/Src/stm32f1xx_hal_cortex.c.obj
 .debug_abbrev  0x0000106d      0x277 cmake/stm32cubemx/CMakeFiles/STM32_Drivers.dir/__/__/Drivers/STM32F1xx_HAL_Driver/Src/stm32f1xx_hal_tim.c.obj
 .debug_abbrev  0x000012e4      0x282 cmake/stm32cubemx/CMakeFiles/STM32_Drivers.dir/__/__/Drivers/STM32F1xx_HAL_Driver/Src/stm32f1xx_hal_tim_ex.c.obj
 .debug_abbrev  0x00001566      0x2f8 cmake/stm32cubemx/CMakeFiles/STM32_Drivers.dir/__/__/Drivers/STM32F1xx_HAL_Driver/Src/stm32f1xx_hal_uart.c.obj
 .debug_abbrev  0x0000185e      0x2ce CMakeFiles/chujue.dir/Core/Src/main.c.obj
 .debug_abbrev  0x00001b2c      0x13f CMakeFiles/chujue.dir/Core/Src/gpio.c.obj
 .debug_abbrev  0x00001c6b      0x1f2 CMakeFiles/chujue.dir/Core/Src/adc.c.obj
 .debug_abbrev  0x00001e5d       0xfc CMakeFiles/chujue.dir/Core/Src/dma.c.obj
 .debug_abbrev  0x00001f59      0x210 CMakeFiles/chujue.dir/Core/Src/tim.c.obj
 .debug_abbrev  0x00002169      0x1e6 CMakeFiles/chujue.dir/Core/Src/usart.c.obj
 .debug_abbrev  0x0000234f      0x1a7 CMakeFiles/chujue.dir/Core/Src/stm32f1xx_it.c.obj
 .debug_abbrev  0x000024f6       0xdb CMakeFiles/chujue.dir/Core/Src/stm32f1xx_hal_msp.c.obj
 .debug_abbrev  0x000025d1       0x24 CMakeFiles/chujue.dir/startup_stm32f103xb.s.obj
 .debug_abbrev  0x000025f5       0x9e C:/ST/STM32CubeCLT_1.21.0/GNU-tools-for-STM32/bin/../lib/gcc/arm-none-eabi/14.3.1/../../../../arm-none-eabi/lib/thumb/v7-m/nofp\libg_nano.a(libc_a-memset.o)
 .debug_abbrev  0x00002693       0xc9 C:/ST/STM32CubeCLT_1.21.0/GNU-tools-for-STM32/bin/../lib/gcc/arm-none-eabi/14.3.1/../../../../arm-none-eabi/lib/thumb/v7-m/nofp\libg_nano.a(libc_a-init.o)

.debug_aranges  0x00000000      0xde0
 .debug_aranges
                0x00000000       0x28 cmake/stm32cubemx/CMakeFiles/STM32_Drivers.dir/__/__/Core/Src/system_stm32f1xx.c.obj
 .debug_aranges
                0x00000028       0xf0 cmake/stm32cubemx/CMakeFiles/STM32_Drivers.dir/__/__/Drivers/STM32F1xx_HAL_Driver/Src/stm32f1xx_hal_adc.c.obj
 .debug_aranges
                0x00000118       0xe0 cmake/stm32cubemx/CMakeFiles/STM32_Drivers.dir/__/__/Drivers/STM32F1xx_HAL_Driver/Src/stm32f1xx_hal.c.obj
 .debug_aranges
                0x000001f8       0x90 cmake/stm32cubemx/CMakeFiles/STM32_Drivers.dir/__/__/Drivers/STM32F1xx_HAL_Driver/Src/stm32f1xx_hal_rcc.c.obj
 .debug_aranges
                0x00000288       0x30 cmake/stm32cubemx/CMakeFiles/STM32_Drivers.dir/__/__/Drivers/STM32F1xx_HAL_Driver/Src/stm32f1xx_hal_rcc_ex.c.obj
 .debug_aranges
                0x000002b8       0x58 cmake/stm32cubemx/CMakeFiles/STM32_Drivers.dir/__/__/Drivers/STM32F1xx_HAL_Driver/Src/stm32f1xx_hal_gpio.c.obj
 .debug_aranges
                0x00000310       0x80 cmake/stm32cubemx/CMakeFiles/STM32_Drivers.dir/__/__/Drivers/STM32F1xx_HAL_Driver/Src/stm32f1xx_hal_dma.c.obj
 .debug_aranges
                0x00000390      0x100 cmake/stm32cubemx/CMakeFiles/STM32_Drivers.dir/__/__/Drivers/STM32F1xx_HAL_Driver/Src/stm32f1xx_hal_cortex.c.obj
 .debug_aranges
                0x00000490      0x3d0 cmake/stm32cubemx/CMakeFiles/STM32_Drivers.dir/__/__/Drivers/STM32F1xx_HAL_Driver/Src/stm32f1xx_hal_tim.c.obj
 .debug_aranges
                0x00000860      0x168 cmake/stm32cubemx/CMakeFiles/STM32_Drivers.dir/__/__/Drivers/STM32F1xx_HAL_Driver/Src/stm32f1xx_hal_tim_ex.c.obj
 .debug_aranges
                0x000009c8      0x208 cmake/stm32cubemx/CMakeFiles/STM32_Drivers.dir/__/__/Drivers/STM32F1xx_HAL_Driver/Src/stm32f1xx_hal_uart.c.obj
 .debug_aranges
                0x00000bd0       0x48 CMakeFiles/chujue.dir/Core/Src/main.c.obj
 .debug_aranges
                0x00000c18       0x20 CMakeFiles/chujue.dir/Core/Src/gpio.c.obj
 .debug_aranges
                0x00000c38       0x30 CMakeFiles/chujue.dir/Core/Src/adc.c.obj
 .debug_aranges
                0x00000c68       0x20 CMakeFiles/chujue.dir/Core/Src/dma.c.obj
 .debug_aranges
                0x00000c88       0x30 CMakeFiles/chujue.dir/Core/Src/tim.c.obj
 .debug_aranges
                0x00000cb8       0x30 CMakeFiles/chujue.dir/Core/Src/usart.c.obj
 .debug_aranges
                0x00000ce8       0x70 CMakeFiles/chujue.dir/Core/Src/stm32f1xx_it.c.obj
 .debug_aranges
                0x00000d58       0x20 CMakeFiles/chujue.dir/Core/Src/stm32f1xx_hal_msp.c.obj
 .debug_aranges
                0x00000d78       0x28 CMakeFiles/chujue.dir/startup_stm32f103xb.s.obj
 .debug_aranges
                0x00000da0       0x20 C:/ST/STM32CubeCLT_1.21.0/GNU-tools-for-STM32/bin/../lib/gcc/arm-none-eabi/14.3.1/../../../../arm-none-eabi/lib/thumb/v7-m/nofp\libg_nano.a(libc_a-memset.o)
 .debug_aranges
                0x00000dc0       0x20 C:/ST/STM32CubeCLT_1.21.0/GNU-tools-for-STM32/bin/../lib/gcc/arm-none-eabi/14.3.1/../../../../arm-none-eabi/lib/thumb/v7-m/nofp\libg_nano.a(libc_a-init.o)

.debug_rnglists
                0x00000000      0xaba
 .debug_rnglists
                0x00000000       0x1a cmake/stm32cubemx/CMakeFiles/STM32_Drivers.dir/__/__/Core/Src/system_stm32f1xx.c.obj
 .debug_rnglists
                0x0000001a       0xbc cmake/stm32cubemx/CMakeFiles/STM32_Drivers.dir/__/__/Drivers/STM32F1xx_HAL_Driver/Src/stm32f1xx_hal_adc.c.obj
 .debug_rnglists
                0x000000d6       0xa3 cmake/stm32cubemx/CMakeFiles/STM32_Drivers.dir/__/__/Drivers/STM32F1xx_HAL_Driver/Src/stm32f1xx_hal.c.obj
 .debug_rnglists
                0x00000179       0x6c cmake/stm32cubemx/CMakeFiles/STM32_Drivers.dir/__/__/Drivers/STM32F1xx_HAL_Driver/Src/stm32f1xx_hal_rcc.c.obj
 .debug_rnglists
                0x000001e5       0x21 cmake/stm32cubemx/CMakeFiles/STM32_Drivers.dir/__/__/Drivers/STM32F1xx_HAL_Driver/Src/stm32f1xx_hal_rcc_ex.c.obj
 .debug_rnglists
                0x00000206       0x3f cmake/stm32cubemx/CMakeFiles/STM32_Drivers.dir/__/__/Drivers/STM32F1xx_HAL_Driver/Src/stm32f1xx_hal_gpio.c.obj
 .debug_rnglists
                0x00000245       0x64 cmake/stm32cubemx/CMakeFiles/STM32_Drivers.dir/__/__/Drivers/STM32F1xx_HAL_Driver/Src/stm32f1xx_hal_dma.c.obj
 .debug_rnglists
                0x000002a9       0xbb cmake/stm32cubemx/CMakeFiles/STM32_Drivers.dir/__/__/Drivers/STM32F1xx_HAL_Driver/Src/stm32f1xx_hal_cortex.c.obj
 .debug_rnglists
                0x00000364      0x31a cmake/stm32cubemx/CMakeFiles/STM32_Drivers.dir/__/__/Drivers/STM32F1xx_HAL_Driver/Src/stm32f1xx_hal_tim.c.obj
 .debug_rnglists
                0x0000067e      0x125 cmake/stm32cubemx/CMakeFiles/STM32_Drivers.dir/__/__/Drivers/STM32F1xx_HAL_Driver/Src/stm32f1xx_hal_tim_ex.c.obj
 .debug_rnglists
                0x000007a3      0x1bc cmake/stm32cubemx/CMakeFiles/STM32_Drivers.dir/__/__/Drivers/STM32F1xx_HAL_Driver/Src/stm32f1xx_hal_uart.c.obj
 .debug_rnglists
                0x0000095f       0x33 CMakeFiles/chujue.dir/Core/Src/main.c.obj
 .debug_rnglists
                0x00000992       0x14 CMakeFiles/chujue.dir/Core/Src/gpio.c.obj
 .debug_rnglists
                0x000009a6       0x20 CMakeFiles/chujue.dir/Core/Src/adc.c.obj
 .debug_rnglists
                0x000009c6       0x13 CMakeFiles/chujue.dir/Core/Src/dma.c.obj
 .debug_rnglists
                0x000009d9       0x20 CMakeFiles/chujue.dir/Core/Src/tim.c.obj
 .debug_rnglists
                0x000009f9       0x20 CMakeFiles/chujue.dir/Core/Src/usart.c.obj
 .debug_rnglists
                0x00000a19       0x4f CMakeFiles/chujue.dir/Core/Src/stm32f1xx_it.c.obj
 .debug_rnglists
                0x00000a68       0x13 CMakeFiles/chujue.dir/Core/Src/stm32f1xx_hal_msp.c.obj
 .debug_rnglists
                0x00000a7b       0x19 CMakeFiles/chujue.dir/startup_stm32f103xb.s.obj
 .debug_rnglists
                0x00000a94       0x13 C:/ST/STM32CubeCLT_1.21.0/GNU-tools-for-STM32/bin/../lib/gcc/arm-none-eabi/14.3.1/../../../../arm-none-eabi/lib/thumb/v7-m/nofp\libg_nano.a(libc_a-memset.o)
 .debug_rnglists
                0x00000aa7       0x13 C:/ST/STM32CubeCLT_1.21.0/GNU-tools-for-STM32/bin/../lib/gcc/arm-none-eabi/14.3.1/../../../../arm-none-eabi/lib/thumb/v7-m/nofp\libg_nano.a(libc_a-init.o)

.debug_macro    0x00000000    0x18056
 .debug_macro   0x00000000      0x1b7 cmake/stm32cubemx/CMakeFiles/STM32_Drivers.dir/__/__/Core/Src/system_stm32f1xx.c.obj
 .debug_macro   0x000001b7      0xacc cmake/stm32cubemx/CMakeFiles/STM32_Drivers.dir/__/__/Core/Src/system_stm32f1xx.c.obj
 .debug_macro   0x00000c83       0x2e cmake/stm32cubemx/CMakeFiles/STM32_Drivers.dir/__/__/Core/Src/system_stm32f1xx.c.obj
 .debug_macro   0x00000cb1       0x22 cmake/stm32cubemx/CMakeFiles/STM32_Drivers.dir/__/__/Core/Src/system_stm32f1xx.c.obj
 .debug_macro   0x00000cd3       0x22 cmake/stm32cubemx/CMakeFiles/STM32_Drivers.dir/__/__/Core/Src/system_stm32f1xx.c.obj
 .debug_macro   0x00000cf5       0x8e cmake/stm32cubemx/CMakeFiles/STM32_Drivers.dir/__/__/Core/Src/system_stm32f1xx.c.obj
 .debug_macro   0x00000d83       0x51 cmake/stm32cubemx/CMakeFiles/STM32_Drivers.dir/__/__/Core/Src/system_stm32f1xx.c.obj
 .debug_macro   0x00000dd4      0x103 cmake/stm32cubemx/CMakeFiles/STM32_Drivers.dir/__/__/Core/Src/system_stm32f1xx.c.obj
 .debug_macro   0x00000ed7       0x6a cmake/stm32cubemx/CMakeFiles/STM32_Drivers.dir/__/__/Core/Src/system_stm32f1xx.c.obj
 .debug_macro   0x00000f41      0x1df cmake/stm32cubemx/CMakeFiles/STM32_Drivers.dir/__/__/Core/Src/system_stm32f1xx.c.obj
 .debug_macro   0x00001120       0x1c cmake/stm32cubemx/CMakeFiles/STM32_Drivers.dir/__/__/Core/Src/system_stm32f1xx.c.obj
 .debug_macro   0x0000113c       0x22 cmake/stm32cubemx/CMakeFiles/STM32_Drivers.dir/__/__/Core/Src/system_stm32f1xx.c.obj
 .debug_macro   0x0000115e       0xbd cmake/stm32cubemx/CMakeFiles/STM32_Drivers.dir/__/__/Core/Src/system_stm32f1xx.c.obj
 .debug_macro   0x0000121b      0xd23 cmake/stm32cubemx/CMakeFiles/STM32_Drivers.dir/__/__/Core/Src/system_stm32f1xx.c.obj
 .debug_macro   0x00001f3e     0xe09e cmake/stm32cubemx/CMakeFiles/STM32_Drivers.dir/__/__/Core/Src/system_stm32f1xx.c.obj
 .debug_macro   0x0000ffdc       0x6d cmake/stm32cubemx/CMakeFiles/STM32_Drivers.dir/__/__/Core/Src/system_stm32f1xx.c.obj
 .debug_macro   0x00010049      0x227 cmake/stm32cubemx/CMakeFiles/STM32_Drivers.dir/__/__/Core/Src/system_stm32f1xx.c.obj
 .debug_macro   0x00010270     0x34a2 cmake/stm32cubemx/CMakeFiles/STM32_Drivers.dir/__/__/Core/Src/system_stm32f1xx.c.obj
 .debug_macro   0x00013712      0x190 cmake/stm32cubemx/CMakeFiles/STM32_Drivers.dir/__/__/Core/Src/system_stm32f1xx.c.obj
 .debug_macro   0x000138a2       0x5c cmake/stm32cubemx/CMakeFiles/STM32_Drivers.dir/__/__/Core/Src/system_stm32f1xx.c.obj
 .debug_macro   0x000138fe      0x5bc cmake/stm32cubemx/CMakeFiles/STM32_Drivers.dir/__/__/Core/Src/system_stm32f1xx.c.obj
 .debug_macro   0x00013eba      0x289 cmake/stm32cubemx/CMakeFiles/STM32_Drivers.dir/__/__/Core/Src/system_stm32f1xx.c.obj
 .debug_macro   0x00014143      0x1cb cmake/stm32cubemx/CMakeFiles/STM32_Drivers.dir/__/__/Core/Src/system_stm32f1xx.c.obj
 .debug_macro   0x0001430e      0x114 cmake/stm32cubemx/CMakeFiles/STM32_Drivers.dir/__/__/Core/Src/system_stm32f1xx.c.obj
 .debug_macro   0x00014422      0x1b2 cmake/stm32cubemx/CMakeFiles/STM32_Drivers.dir/__/__/Core/Src/system_stm32f1xx.c.obj
 .debug_macro   0x000145d4       0x27 cmake/stm32cubemx/CMakeFiles/STM32_Drivers.dir/__/__/Core/Src/system_stm32f1xx.c.obj
 .debug_macro   0x000145fb      0x136 cmake/stm32cubemx/CMakeFiles/STM32_Drivers.dir/__/__/Core/Src/system_stm32f1xx.c.obj
 .debug_macro   0x00014731      0x1bc cmake/stm32cubemx/CMakeFiles/STM32_Drivers.dir/__/__/Core/Src/system_stm32f1xx.c.obj
 .debug_macro   0x000148ed       0x34 cmake/stm32cubemx/CMakeFiles/STM32_Drivers.dir/__/__/Core/Src/system_stm32f1xx.c.obj
 .debug_macro   0x00014921       0x3c cmake/stm32cubemx/CMakeFiles/STM32_Drivers.dir/__/__/Core/Src/system_stm32f1xx.c.obj
 .debug_macro   0x0001495d       0x57 cmake/stm32cubemx/CMakeFiles/STM32_Drivers.dir/__/__/Core/Src/system_stm32f1xx.c.obj
 .debug_macro   0x000149b4      0x46a cmake/stm32cubemx/CMakeFiles/STM32_Drivers.dir/__/__/Core/Src/system_stm32f1xx.c.obj
 .debug_macro   0x00014e1e      0x1b5 cmake/stm32cubemx/CMakeFiles/STM32_Drivers.dir/__/__/Core/Src/system_stm32f1xx.c.obj
 .debug_macro   0x00014fd3       0x87 cmake/stm32cubemx/CMakeFiles/STM32_Drivers.dir/__/__/Core/Src/system_stm32f1xx.c.obj
 .debug_macro   0x0001505a      0x240 cmake/stm32cubemx/CMakeFiles/STM32_Drivers.dir/__/__/Core/Src/system_stm32f1xx.c.obj
 .debug_macro   0x0001529a      0x140 cmake/stm32cubemx/CMakeFiles/STM32_Drivers.dir/__/__/Core/Src/system_stm32f1xx.c.obj
 .debug_macro   0x000153da      0x8ed cmake/stm32cubemx/CMakeFiles/STM32_Drivers.dir/__/__/Core/Src/system_stm32f1xx.c.obj
 .debug_macro   0x00015cc7      0x28e cmake/stm32cubemx/CMakeFiles/STM32_Drivers.dir/__/__/Core/Src/system_stm32f1xx.c.obj
 .debug_macro   0x00015f55       0x83 cmake/stm32cubemx/CMakeFiles/STM32_Drivers.dir/__/__/Core/Src/system_stm32f1xx.c.obj
 .debug_macro   0x00015fd8      0x1d4 cmake/stm32cubemx/CMakeFiles/STM32_Drivers.dir/__/__/Drivers/STM32F1xx_HAL_Driver/Src/stm32f1xx_hal_adc.c.obj
 .debug_macro   0x000161ac      0x1db cmake/stm32cubemx/CMakeFiles/STM32_Drivers.dir/__/__/Drivers/STM32F1xx_HAL_Driver/Src/stm32f1xx_hal.c.obj
 .debug_macro   0x00016387      0x1c9 cmake/stm32cubemx/CMakeFiles/STM32_Drivers.dir/__/__/Drivers/STM32F1xx_HAL_Driver/Src/stm32f1xx_hal_rcc.c.obj
 .debug_macro   0x00016550      0x1b7 cmake/stm32cubemx/CMakeFiles/STM32_Drivers.dir/__/__/Drivers/STM32F1xx_HAL_Driver/Src/stm32f1xx_hal_rcc_ex.c.obj
 .debug_macro   0x00016707      0x222 cmake/stm32cubemx/CMakeFiles/STM32_Drivers.dir/__/__/Drivers/STM32F1xx_HAL_Driver/Src/stm32f1xx_hal_gpio.c.obj
 .debug_macro   0x00016929      0x1b7 cmake/stm32cubemx/CMakeFiles/STM32_Drivers.dir/__/__/Drivers/STM32F1xx_HAL_Driver/Src/stm32f1xx_hal_dma.c.obj
 .debug_macro   0x00016ae0      0x1b7 cmake/stm32cubemx/CMakeFiles/STM32_Drivers.dir/__/__/Drivers/STM32F1xx_HAL_Driver/Src/stm32f1xx_hal_cortex.c.obj
 .debug_macro   0x00016c97      0x1b8 cmake/stm32cubemx/CMakeFiles/STM32_Drivers.dir/__/__/Drivers/STM32F1xx_HAL_Driver/Src/stm32f1xx_hal_tim.c.obj
 .debug_macro   0x00016e4f      0x1b7 cmake/stm32cubemx/CMakeFiles/STM32_Drivers.dir/__/__/Drivers/STM32F1xx_HAL_Driver/Src/stm32f1xx_hal_tim_ex.c.obj
 .debug_macro   0x00017006      0x1b8 cmake/stm32cubemx/CMakeFiles/STM32_Drivers.dir/__/__/Drivers/STM32F1xx_HAL_Driver/Src/stm32f1xx_hal_uart.c.obj
 .debug_macro   0x000171be      0x215 CMakeFiles/chujue.dir/Core/Src/main.c.obj
 .debug_macro   0x000173d3      0x1cb CMakeFiles/chujue.dir/Core/Src/gpio.c.obj
 .debug_macro   0x0001759e      0x1cb CMakeFiles/chujue.dir/Core/Src/adc.c.obj
 .debug_macro   0x00017769      0x1cb CMakeFiles/chujue.dir/Core/Src/dma.c.obj
 .debug_macro   0x00017934      0x1cb CMakeFiles/chujue.dir/Core/Src/tim.c.obj
 .debug_macro   0x00017aff      0x1cb CMakeFiles/chujue.dir/Core/Src/usart.c.obj
 .debug_macro   0x00017cca      0x1cb CMakeFiles/chujue.dir/Core/Src/stm32f1xx_it.c.obj
 .debug_macro   0x00017e95      0x1c1 CMakeFiles/chujue.dir/Core/Src/stm32f1xx_hal_msp.c.obj

.debug_line     0x00000000    0x10c0f
 .debug_line    0x00000000      0x768 cmake/stm32cubemx/CMakeFiles/STM32_Drivers.dir/__/__/Core/Src/system_stm32f1xx.c.obj
 .debug_line    0x00000768      0xfbe cmake/stm32cubemx/CMakeFiles/STM32_Drivers.dir/__/__/Drivers/STM32F1xx_HAL_Driver/Src/stm32f1xx_hal_adc.c.obj
 .debug_line    0x00001726      0x99c cmake/stm32cubemx/CMakeFiles/STM32_Drivers.dir/__/__/Drivers/STM32F1xx_HAL_Driver/Src/stm32f1xx_hal.c.obj
 .debug_line    0x000020c2      0xe52 cmake/stm32cubemx/CMakeFiles/STM32_Drivers.dir/__/__/Drivers/STM32F1xx_HAL_Driver/Src/stm32f1xx_hal_rcc.c.obj
 .debug_line    0x00002f14      0x903 cmake/stm32cubemx/CMakeFiles/STM32_Drivers.dir/__/__/Drivers/STM32F1xx_HAL_Driver/Src/stm32f1xx_hal_rcc_ex.c.obj
 .debug_line    0x00003817      0x9f3 cmake/stm32cubemx/CMakeFiles/STM32_Drivers.dir/__/__/Drivers/STM32F1xx_HAL_Driver/Src/stm32f1xx_hal_gpio.c.obj
 .debug_line    0x0000420a      0xda3 cmake/stm32cubemx/CMakeFiles/STM32_Drivers.dir/__/__/Drivers/STM32F1xx_HAL_Driver/Src/stm32f1xx_hal_dma.c.obj
 .debug_line    0x00004fad      0xb63 cmake/stm32cubemx/CMakeFiles/STM32_Drivers.dir/__/__/Drivers/STM32F1xx_HAL_Driver/Src/stm32f1xx_hal_cortex.c.obj
 .debug_line    0x00005b10     0x348d cmake/stm32cubemx/CMakeFiles/STM32_Drivers.dir/__/__/Drivers/STM32F1xx_HAL_Driver/Src/stm32f1xx_hal_tim.c.obj
 .debug_line    0x00008f9d     0x185d cmake/stm32cubemx/CMakeFiles/STM32_Drivers.dir/__/__/Drivers/STM32F1xx_HAL_Driver/Src/stm32f1xx_hal_tim_ex.c.obj
 .debug_line    0x0000a7fa     0x24b5 cmake/stm32cubemx/CMakeFiles/STM32_Drivers.dir/__/__/Drivers/STM32F1xx_HAL_Driver/Src/stm32f1xx_hal_uart.c.obj
 .debug_line    0x0000ccaf      0x8ed CMakeFiles/chujue.dir/Core/Src/main.c.obj
 .debug_line    0x0000d59c      0x6f8 CMakeFiles/chujue.dir/Core/Src/gpio.c.obj
 .debug_line    0x0000dc94      0x78c CMakeFiles/chujue.dir/Core/Src/adc.c.obj
 .debug_line    0x0000e420      0x6e5 CMakeFiles/chujue.dir/Core/Src/dma.c.obj
 .debug_line    0x0000eb05      0x79b CMakeFiles/chujue.dir/Core/Src/tim.c.obj
 .debug_line    0x0000f2a0      0x75d CMakeFiles/chujue.dir/Core/Src/usart.c.obj
 .debug_line    0x0000f9fd      0x7c9 CMakeFiles/chujue.dir/Core/Src/stm32f1xx_it.c.obj
 .debug_line    0x000101c6      0x6ea CMakeFiles/chujue.dir/Core/Src/stm32f1xx_hal_msp.c.obj
 .debug_line    0x000108b0       0x78 CMakeFiles/chujue.dir/startup_stm32f103xb.s.obj
 .debug_line    0x00010928      0x17e C:/ST/STM32CubeCLT_1.21.0/GNU-tools-for-STM32/bin/../lib/gcc/arm-none-eabi/14.3.1/../../../../arm-none-eabi/lib/thumb/v7-m/nofp\libg_nano.a(libc_a-memset.o)
 .debug_line    0x00010aa6      0x169 C:/ST/STM32CubeCLT_1.21.0/GNU-tools-for-STM32/bin/../lib/gcc/arm-none-eabi/14.3.1/../../../../arm-none-eabi/lib/thumb/v7-m/nofp\libg_nano.a(libc_a-init.o)

.debug_str      0x00000000    0x8c0e6
 .debug_str     0x00000000    0x8c0e6 cmake/stm32cubemx/CMakeFiles/STM32_Drivers.dir/__/__/Core/Src/system_stm32f1xx.c.obj
                              0x88193 (size before relaxing)
 .debug_str     0x0008c0e6    0x88877 cmake/stm32cubemx/CMakeFiles/STM32_Drivers.dir/__/__/Drivers/STM32F1xx_HAL_Driver/Src/stm32f1xx_hal_adc.c.obj
 .debug_str     0x0008c0e6    0x888c6 cmake/stm32cubemx/CMakeFiles/STM32_Drivers.dir/__/__/Drivers/STM32F1xx_HAL_Driver/Src/stm32f1xx_hal.c.obj
 .debug_str     0x0008c0e6    0x885c2 cmake/stm32cubemx/CMakeFiles/STM32_Drivers.dir/__/__/Drivers/STM32F1xx_HAL_Driver/Src/stm32f1xx_hal_rcc.c.obj
 .debug_str     0x0008c0e6    0x88312 cmake/stm32cubemx/CMakeFiles/STM32_Drivers.dir/__/__/Drivers/STM32F1xx_HAL_Driver/Src/stm32f1xx_hal_rcc_ex.c.obj
 .debug_str     0x0008c0e6    0x88519 cmake/stm32cubemx/CMakeFiles/STM32_Drivers.dir/__/__/Drivers/STM32F1xx_HAL_Driver/Src/stm32f1xx_hal_gpio.c.obj
 .debug_str     0x0008c0e6    0x8853c cmake/stm32cubemx/CMakeFiles/STM32_Drivers.dir/__/__/Drivers/STM32F1xx_HAL_Driver/Src/stm32f1xx_hal_dma.c.obj
 .debug_str     0x0008c0e6    0x88812 cmake/stm32cubemx/CMakeFiles/STM32_Drivers.dir/__/__/Drivers/STM32F1xx_HAL_Driver/Src/stm32f1xx_hal_cortex.c.obj
 .debug_str     0x0008c0e6    0x895c4 cmake/stm32cubemx/CMakeFiles/STM32_Drivers.dir/__/__/Drivers/STM32F1xx_HAL_Driver/Src/stm32f1xx_hal_tim.c.obj
 .debug_str     0x0008c0e6    0x88dd0 cmake/stm32cubemx/CMakeFiles/STM32_Drivers.dir/__/__/Drivers/STM32F1xx_HAL_Driver/Src/stm32f1xx_hal_tim_ex.c.obj
 .debug_str     0x0008c0e6    0x88c33 cmake/stm32cubemx/CMakeFiles/STM32_Drivers.dir/__/__/Drivers/STM32F1xx_HAL_Driver/Src/stm32f1xx_hal_uart.c.obj
 .debug_str     0x0008c0e6    0x89240 CMakeFiles/chujue.dir/Core/Src/main.c.obj
 .debug_str     0x0008c0e6    0x881e0 CMakeFiles/chujue.dir/Core/Src/gpio.c.obj
 .debug_str     0x0008c0e6    0x885ab CMakeFiles/chujue.dir/Core/Src/adc.c.obj
 .debug_str     0x0008c0e6    0x8843e CMakeFiles/chujue.dir/Core/Src/dma.c.obj
 .debug_str     0x0008c0e6    0x88b41 CMakeFiles/chujue.dir/Core/Src/tim.c.obj
 .debug_str     0x0008c0e6    0x88628 CMakeFiles/chujue.dir/Core/Src/usart.c.obj
 .debug_str     0x0008c0e6    0x886b3 CMakeFiles/chujue.dir/Core/Src/stm32f1xx_it.c.obj
 .debug_str     0x0008c0e6    0x88168 CMakeFiles/chujue.dir/Core/Src/stm32f1xx_hal_msp.c.obj
 .debug_str     0x0008c0e6       0x8c CMakeFiles/chujue.dir/startup_stm32f103xb.s.obj
 .debug_str     0x0008c0e6      0x209 C:/ST/STM32CubeCLT_1.21.0/GNU-tools-for-STM32/bin/../lib/gcc/arm-none-eabi/14.3.1/../../../../arm-none-eabi/lib/thumb/v7-m/nofp\libg_nano.a(libc_a-memset.o)
 .debug_str     0x0008c0e6      0x26a C:/ST/STM32CubeCLT_1.21.0/GNU-tools-for-STM32/bin/../lib/gcc/arm-none-eabi/14.3.1/../../../../arm-none-eabi/lib/thumb/v7-m/nofp\libg_nano.a(libc_a-init.o)

.debug_frame    0x00000000     0x34a4
 .debug_frame   0x00000000       0x50 cmake/stm32cubemx/CMakeFiles/STM32_Drivers.dir/__/__/Core/Src/system_stm32f1xx.c.obj
 .debug_frame   0x00000050      0x3e0 cmake/stm32cubemx/CMakeFiles/STM32_Drivers.dir/__/__/Drivers/STM32F1xx_HAL_Driver/Src/stm32f1xx_hal_adc.c.obj
 .debug_frame   0x00000430      0x2e4 cmake/stm32cubemx/CMakeFiles/STM32_Drivers.dir/__/__/Drivers/STM32F1xx_HAL_Driver/Src/stm32f1xx_hal.c.obj
 .debug_frame   0x00000714      0x1f8 cmake/stm32cubemx/CMakeFiles/STM32_Drivers.dir/__/__/Drivers/STM32F1xx_HAL_Driver/Src/stm32f1xx_hal_rcc.c.obj
 .debug_frame   0x0000090c       0x7c cmake/stm32cubemx/CMakeFiles/STM32_Drivers.dir/__/__/Drivers/STM32F1xx_HAL_Driver/Src/stm32f1xx_hal_rcc_ex.c.obj
 .debug_frame   0x00000988      0x130 cmake/stm32cubemx/CMakeFiles/STM32_Drivers.dir/__/__/Drivers/STM32F1xx_HAL_Driver/Src/stm32f1xx_hal_gpio.c.obj
 .debug_frame   0x00000ab8      0x1e8 cmake/stm32cubemx/CMakeFiles/STM32_Drivers.dir/__/__/Drivers/STM32F1xx_HAL_Driver/Src/stm32f1xx_hal_dma.c.obj
 .debug_frame   0x00000ca0      0x3f0 cmake/stm32cubemx/CMakeFiles/STM32_Drivers.dir/__/__/Drivers/STM32F1xx_HAL_Driver/Src/stm32f1xx_hal_cortex.c.obj
 .debug_frame   0x00001090     0x10e8 cmake/stm32cubemx/CMakeFiles/STM32_Drivers.dir/__/__/Drivers/STM32F1xx_HAL_Driver/Src/stm32f1xx_hal_tim.c.obj
 .debug_frame   0x00002178      0x600 cmake/stm32cubemx/CMakeFiles/STM32_Drivers.dir/__/__/Drivers/STM32F1xx_HAL_Driver/Src/stm32f1xx_hal_tim_ex.c.obj
 .debug_frame   0x00002778      0x8dc cmake/stm32cubemx/CMakeFiles/STM32_Drivers.dir/__/__/Drivers/STM32F1xx_HAL_Driver/Src/stm32f1xx_hal_uart.c.obj
 .debug_frame   0x00003054       0xcc CMakeFiles/chujue.dir/Core/Src/main.c.obj
 .debug_frame   0x00003120       0x34 CMakeFiles/chujue.dir/Core/Src/gpio.c.obj
 .debug_frame   0x00003154       0x7c CMakeFiles/chujue.dir/Core/Src/adc.c.obj
 .debug_frame   0x000031d0       0x34 CMakeFiles/chujue.dir/Core/Src/dma.c.obj
 .debug_frame   0x00003204       0x7c CMakeFiles/chujue.dir/Core/Src/tim.c.obj
 .debug_frame   0x00003280       0x74 CMakeFiles/chujue.dir/Core/Src/usart.c.obj
 .debug_frame   0x000032f4      0x130 CMakeFiles/chujue.dir/Core/Src/stm32f1xx_it.c.obj
 .debug_frame   0x00003424       0x34 CMakeFiles/chujue.dir/Core/Src/stm32f1xx_hal_msp.c.obj
 .debug_frame   0x00003458       0x20 C:/ST/STM32CubeCLT_1.21.0/GNU-tools-for-STM32/bin/../lib/gcc/arm-none-eabi/14.3.1/../../../../arm-none-eabi/lib/thumb/v7-m/nofp\libg_nano.a(libc_a-memset.o)
 .debug_frame   0x00003478       0x2c C:/ST/STM32CubeCLT_1.21.0/GNU-tools-for-STM32/bin/../lib/gcc/arm-none-eabi/14.3.1/../../../../arm-none-eabi/lib/thumb/v7-m/nofp\libg_nano.a(libc_a-init.o)

.debug_line_str
                0x00000000       0x70
 .debug_line_str
                0x00000000       0x70 CMakeFiles/chujue.dir/startup_stm32f103xb.s.obj

.debug_loclists
                0x00000000       0x7f
 .debug_loclists
                0x00000000       0x3b C:/ST/STM32CubeCLT_1.21.0/GNU-tools-for-STM32/bin/../lib/gcc/arm-none-eabi/14.3.1/../../../../arm-none-eabi/lib/thumb/v7-m/nofp\libg_nano.a(libc_a-memset.o)
 .debug_loclists
                0x0000003b       0x44 C:/ST/STM32CubeCLT_1.21.0/GNU-tools-for-STM32/bin/../lib/gcc/arm-none-eabi/14.3.1/../../../../arm-none-eabi/lib/thumb/v7-m/nofp\libg_nano.a(libc_a-init.o)
